Archive member included because of file (symbol)

/home/kwluo/Projects/Embeded/Cortex-M3/toolchain/gcc-arm-none-eabi-4_8-2014q1/bin/../lib/gcc/arm-none-eabi/4.8.3/../../../../arm-none-eabi/lib/armv7-m/libg_s.a(lib_a-errno.o)
                              ./system/src/newlib/_sbrk.o (__errno)
/home/kwluo/Projects/Embeded/Cortex-M3/toolchain/gcc-arm-none-eabi-4_8-2014q1/bin/../lib/gcc/arm-none-eabi/4.8.3/../../../../arm-none-eabi/lib/armv7-m/libg_s.a(lib_a-gmtime.o)
                              ./src/rtc/rtc.o (gmtime)
/home/kwluo/Projects/Embeded/Cortex-M3/toolchain/gcc-arm-none-eabi-4_8-2014q1/bin/../lib/gcc/arm-none-eabi/4.8.3/../../../../arm-none-eabi/lib/armv7-m/libg_s.a(lib_a-gmtime_r.o)
                              /home/kwluo/Projects/Embeded/Cortex-M3/toolchain/gcc-arm-none-eabi-4_8-2014q1/bin/../lib/gcc/arm-none-eabi/4.8.3/../../../../arm-none-eabi/lib/armv7-m/libg_s.a(lib_a-gmtime.o) (gmtime_r)
/home/kwluo/Projects/Embeded/Cortex-M3/toolchain/gcc-arm-none-eabi-4_8-2014q1/bin/../lib/gcc/arm-none-eabi/4.8.3/../../../../arm-none-eabi/lib/armv7-m/libg_s.a(lib_a-impure.o)
                              /home/kwluo/Projects/Embeded/Cortex-M3/toolchain/gcc-arm-none-eabi-4_8-2014q1/bin/../lib/gcc/arm-none-eabi/4.8.3/../../../../arm-none-eabi/lib/armv7-m/libg_s.a(lib_a-errno.o) (_impure_ptr)
/home/kwluo/Projects/Embeded/Cortex-M3/toolchain/gcc-arm-none-eabi-4_8-2014q1/bin/../lib/gcc/arm-none-eabi/4.8.3/../../../../arm-none-eabi/lib/armv7-m/libg_s.a(lib_a-malloc.o)
                              /home/kwluo/Projects/Embeded/Cortex-M3/toolchain/gcc-arm-none-eabi-4_8-2014q1/bin/../lib/gcc/arm-none-eabi/4.8.3/../../../../arm-none-eabi/lib/armv7-m/libg_s.a(lib_a-gmtime.o) (malloc)
/home/kwluo/Projects/Embeded/Cortex-M3/toolchain/gcc-arm-none-eabi-4_8-2014q1/bin/../lib/gcc/arm-none-eabi/4.8.3/../../../../arm-none-eabi/lib/armv7-m/libg_s.a(lib_a-memcmp.o)
                              ./system/src/freertos/src/tasks.o (memcmp)
/home/kwluo/Projects/Embeded/Cortex-M3/toolchain/gcc-arm-none-eabi-4_8-2014q1/bin/../lib/gcc/arm-none-eabi/4.8.3/../../../../arm-none-eabi/lib/armv7-m/libg_s.a(lib_a-memcpy-stub.o)
                              ./system/src/freertos/src/queue.o (memcpy)
/home/kwluo/Projects/Embeded/Cortex-M3/toolchain/gcc-arm-none-eabi-4_8-2014q1/bin/../lib/gcc/arm-none-eabi/4.8.3/../../../../arm-none-eabi/lib/armv7-m/libg_s.a(lib_a-memset.o)
                              ./system/src/freertos/src/tasks.o (memset)
/home/kwluo/Projects/Embeded/Cortex-M3/toolchain/gcc-arm-none-eabi-4_8-2014q1/bin/../lib/gcc/arm-none-eabi/4.8.3/../../../../arm-none-eabi/lib/armv7-m/libg_s.a(lib_a-mktime.o)
                              ./src/rtc/rtc.o (mktime)
/home/kwluo/Projects/Embeded/Cortex-M3/toolchain/gcc-arm-none-eabi-4_8-2014q1/bin/../lib/gcc/arm-none-eabi/4.8.3/../../../../arm-none-eabi/lib/armv7-m/libg_s.a(lib_a-mktm_r.o)
                              /home/kwluo/Projects/Embeded/Cortex-M3/toolchain/gcc-arm-none-eabi-4_8-2014q1/bin/../lib/gcc/arm-none-eabi/4.8.3/../../../../arm-none-eabi/lib/armv7-m/libg_s.a(lib_a-mktime.o) (__tzcalc_limits)
/home/kwluo/Projects/Embeded/Cortex-M3/toolchain/gcc-arm-none-eabi-4_8-2014q1/bin/../lib/gcc/arm-none-eabi/4.8.3/../../../../arm-none-eabi/lib/armv7-m/libg_s.a(lib_a-nano-freer.o)
                              /home/kwluo/Projects/Embeded/Cortex-M3/toolchain/gcc-arm-none-eabi-4_8-2014q1/bin/../lib/gcc/arm-none-eabi/4.8.3/../../../../arm-none-eabi/lib/armv7-m/libg_s.a(lib_a-malloc.o) (_free_r)
/home/kwluo/Projects/Embeded/Cortex-M3/toolchain/gcc-arm-none-eabi-4_8-2014q1/bin/../lib/gcc/arm-none-eabi/4.8.3/../../../../arm-none-eabi/lib/armv7-m/libg_s.a(lib_a-nano-mallocr.o)
                              /home/kwluo/Projects/Embeded/Cortex-M3/toolchain/gcc-arm-none-eabi-4_8-2014q1/bin/../lib/gcc/arm-none-eabi/4.8.3/../../../../arm-none-eabi/lib/armv7-m/libg_s.a(lib_a-malloc.o) (_malloc_r)
/home/kwluo/Projects/Embeded/Cortex-M3/toolchain/gcc-arm-none-eabi-4_8-2014q1/bin/../lib/gcc/arm-none-eabi/4.8.3/../../../../arm-none-eabi/lib/armv7-m/libg_s.a(lib_a-sbrkr.o)
                              /home/kwluo/Projects/Embeded/Cortex-M3/toolchain/gcc-arm-none-eabi-4_8-2014q1/bin/../lib/gcc/arm-none-eabi/4.8.3/../../../../arm-none-eabi/lib/armv7-m/libg_s.a(lib_a-nano-mallocr.o) (_sbrk_r)
/home/kwluo/Projects/Embeded/Cortex-M3/toolchain/gcc-arm-none-eabi-4_8-2014q1/bin/../lib/gcc/arm-none-eabi/4.8.3/../../../../arm-none-eabi/lib/armv7-m/libg_s.a(lib_a-sprintf.o)
                              ./src/adc/adc.o (sprintf)
/home/kwluo/Projects/Embeded/Cortex-M3/toolchain/gcc-arm-none-eabi-4_8-2014q1/bin/../lib/gcc/arm-none-eabi/4.8.3/../../../../arm-none-eabi/lib/armv7-m/libg_s.a(lib_a-strcat.o)
                              ./src/adc/adc.o (strcat)
/home/kwluo/Projects/Embeded/Cortex-M3/toolchain/gcc-arm-none-eabi-4_8-2014q1/bin/../lib/gcc/arm-none-eabi/4.8.3/../../../../arm-none-eabi/lib/armv7-m/libg_s.a(lib_a-strcmp.o)
                              ./src/job/job.o (strcmp)
[...]
Memory Configuration

Name             Origin             Length             Attributes
RAM              0x20000000         0x00005000         xrw
CCMRAM           0x00000000         0x00000000         xrw
FLASH            0x08000000         0x00020000         xr
FLASHB1          0x00000000         0x00000000         xr
EXTMEMB0         0x00000000         0x00000000         xr
EXTMEMB1         0x00000000         0x00000000         xr
EXTMEMB2         0x00000000         0x00000000         xr
EXTMEMB3         0x00000000         0x00000000         xr
MEMORY_ARRAY     0x00000000         0x00000000         xrw
*default*        0x00000000         0xffffffff

Linker script and memory map

LOAD ./system/src/stm32f1-stdperiph/misc.o
LOAD ./system/src/stm32f1-stdperiph/stm32f10x_adc.o
LOAD ./system/src/stm32f1-stdperiph/stm32f10x_bkp.o
LOAD ./system/src/stm32f1-stdperiph/stm32f10x_can.o
LOAD ./system/src/stm32f1-stdperiph/stm32f10x_cec.o
LOAD ./system/src/stm32f1-stdperiph/stm32f10x_crc.o
LOAD ./system/src/stm32f1-stdperiph/stm32f10x_dac.o
LOAD ./system/src/stm32f1-stdperiph/stm32f10x_dbgmcu.o
LOAD ./system/src/stm32f1-stdperiph/stm32f10x_dma.o
LOAD ./system/src/stm32f1-stdperiph/stm32f10x_exti.o
LOAD ./system/src/stm32f1-stdperiph/stm32f10x_flash.o
LOAD ./system/src/stm32f1-stdperiph/stm32f10x_fsmc.o
LOAD ./system/src/stm32f1-stdperiph/stm32f10x_gpio.o
LOAD ./system/src/stm32f1-stdperiph/stm32f10x_i2c.o
LOAD ./system/src/stm32f1-stdperiph/stm32f10x_iwdg.o
LOAD ./system/src/stm32f1-stdperiph/stm32f10x_pwr.o
LOAD ./system/src/stm32f1-stdperiph/stm32f10x_rcc.o
LOAD ./system/src/stm32f1-stdperiph/stm32f10x_rtc.o
LOAD ./system/src/stm32f1-stdperiph/stm32f10x_sdio.o
LOAD ./system/src/stm32f1-stdperiph/stm32f10x_spi.o
LOAD ./system/src/stm32f1-stdperiph/stm32f10x_tim.o
LOAD ./system/src/stm32f1-stdperiph/stm32f10x_usart.o
LOAD ./system/src/stm32f1-stdperiph/stm32f10x_wwdg.o
LOAD ./system/src/newlib/_cxx.o
LOAD ./system/src/newlib/_exit.o
LOAD ./system/src/newlib/_sbrk.o
LOAD ./system/src/newlib/_startup.o
LOAD ./system/src/newlib/_syscalls.o
LOAD ./system/src/newlib/_write.o
LOAD ./system/src/newlib/assert.o
LOAD ./system/src/freertos/src/croutine.o
LOAD ./system/src/freertos/src/event_groups.o
LOAD ./system/src/freertos/src/list.o
LOAD ./system/src/freertos/src/queue.o
LOAD ./system/src/freertos/src/tasks.o
LOAD ./system/src/freertos/src/timers.o
LOAD ./system/src/freertos/portable/heap_4.o
LOAD ./system/src/freertos/portable/port.o
LOAD ./system/src/diag/Trace.o
LOAD ./system/src/diag/trace_impl.o
LOAD ./system/src/cortexm/_initialize_hardware.o
LOAD ./system/src/cortexm/_reset_hardware.o
LOAD ./system/src/cortexm/exception_handlers.o
LOAD ./system/src/cmsis/system_stm32f10x.o
LOAD ./system/src/cmsis/vectors_stm32f10x.o
LOAD ./src/usart/usart.o
LOAD ./src/rtc/rtc.o
LOAD ./src/led/led.o
LOAD ./src/job/FreeRTOS_CLI.o
LOAD ./src/job/job.o
LOAD ./src/dwt/dwt.o
LOAD ./src/adc/adc.o
LOAD ./src/main.o
LOAD /home/kwluo/Projects/Embeded/Cortex-M3/toolchain/gcc-arm-none-eabi-4_8-2014q1/bin/../lib/gcc/arm-none-eabi/4.8.3/../../../../arm-none-eabi/lib/armv7-m/libstdc++_s.a
LOAD /home/kwluo/Projects/Embeded/Cortex-M3/toolchain/gcc-arm-none-eabi-4_8-2014q1/bin/../lib/gcc/arm-none-eabi/4.8.3/../../../../arm-none-eabi/lib/armv7-m/libm.a
START GROUP
LOAD /home/kwluo/Projects/Embeded/Cortex-M3/toolchain/gcc-arm-none-eabi-4_8-2014q1/bin/../lib/gcc/arm-none-eabi/4.8.3/armv7-m/libgcc.a
LOAD /home/kwluo/Projects/Embeded/Cortex-M3/toolchain/gcc-arm-none-eabi-4_8-2014q1/bin/../lib/gcc/arm-none-eabi/4.8.3/../../../../arm-none-eabi/lib/armv7-m/libg_s.a
LOAD /home/kwluo/Projects/Embeded/Cortex-M3/toolchain/gcc-arm-none-eabi-4_8-2014q1/bin/../lib/gcc/arm-none-eabi/4.8.3/../../../../arm-none-eabi/lib/armv7-m/libc_s.a
END GROUP
START GROUP
LOAD /home/kwluo/Projects/Embeded/Cortex-M3/toolchain/gcc-arm-none-eabi-4_8-2014q1/bin/../lib/gcc/arm-none-eabi/4.8.3/armv7-m/libgcc.a
LOAD /home/kwluo/Projects/Embeded/Cortex-M3/toolchain/gcc-arm-none-eabi-4_8-2014q1/bin/../lib/gcc/arm-none-eabi/4.8.3/../../../../arm-none-eabi/lib/armv7-m/libc_s.a
END GROUP
                0x20005000                __stack = (ORIGIN (RAM) + 0x5000)
                0x20005000                _estack = __stack
                0x00000400                __Main_Stack_Size = 0x400
                0x00000400                PROVIDE (_Main_Stack_Size, __Main_Stack_Size)
                0x20004c00                __Main_Stack_Limit = (__stack - __Main_Stack_Size)
                0x20004c00                PROVIDE (_Main_Stack_Limit, __Main_Stack_Limit)
                0x00000100                _Minimum_Stack_Size = 0x100
                0x2000405c                PROVIDE (_Heap_Begin, _end_noinit)
                0x20004c00                PROVIDE (_Heap_Limit, (__stack - __Main_Stack_Size))

.isr_vector     0x08000000      0x1e4
                0x08000000                . = ALIGN (0x4)
 *(.isr_vector)
 .isr_vector    0x08000000      0x10c ./system/src/cmsis/vectors_stm32f10x.o
                0x08000000                __isr_vectors
 *(.cfmconfig)
 *(.after_vectors .after_vectors.*)
 .after_vectors
                0x0800010c       0xc0 ./system/src/newlib/_startup.o
                0x0800010c                _start
 .after_vectors
                0x080001cc       0x16 ./system/src/cortexm/exception_handlers.o
                0x080001cc                Reset_Handler
                0x080001d0                NMI_Handler
                0x080001d2                HardFault_Handler
                0x080001d4                MemManage_Handler
                0x080001d6                BusFault_Handler
                0x080001d8                UsageFault_Handler
                0x080001dc                DebugMon_Handler
 .after_vectors
                0x080001e2        0x2 ./system/src/cmsis/vectors_stm32f10x.o
                0x080001e2                EXTI2_IRQHandler
                0x080001e2                TIM8_TRG_COM_IRQHandler
                0x080001e2                TIM8_CC_IRQHandler
                0x080001e2                TIM1_CC_IRQHandler
                0x080001e2                TIM6_IRQHandler
                0x080001e2                PVD_IRQHandler
                0x080001e2                SDIO_IRQHandler
                0x080001e2                CAN2_RX1_IRQHandler
                0x080001e2                EXTI3_IRQHandler
                0x080001e2                TIM8_TRG_COM_TIM14_IRQHandler
                0x080001e2                TIM1_UP_TIM10_IRQHandler
                0x080001e2                TIM8_UP_TIM13_IRQHandler
                0x080001e2                EXTI0_IRQHandler
                0x080001e2                I2C2_EV_IRQHandler
                0x080001e2                CAN1_RX0_IRQHandler
                0x080001e2                TIM1_UP_TIM16_IRQHandler
                0x080001e2                CAN2_SCE_IRQHandler
                0x080001e2                ADC1_2_IRQHandler
                0x080001e2                SPI1_IRQHandler
                0x080001e2                TAMPER_IRQHandler
                0x080001e2                TIM6_DAC_IRQHandler
                0x080001e2                TIM1_BRK_TIM9_IRQHandler
                0x080001e2                CAN2_RX0_IRQHandler
                0x080001e2                TIM8_UP_IRQHandler
                0x080001e2                DMA2_Channel2_IRQHandler
                0x080001e2                DMA1_Channel4_IRQHandler
                0x080001e2                RTC_IRQHandler
                0x080001e2                DMA1_Channel7_IRQHandler
                0x080001e2                CAN1_RX1_IRQHandler
                0x080001e2                UART5_IRQHandler
                0x080001e2                ADC3_IRQHandler
                0x080001e2                TIM4_IRQHandler
                0x080001e2                DMA2_Channel1_IRQHandler
                0x080001e2                I2C1_EV_IRQHandler
                0x080001e2                DMA1_Channel6_IRQHandler
                0x080001e2                UART4_IRQHandler
                0x080001e2                DMA2_Channel4_IRQHandler
                0x080001e2                TIM3_IRQHandler
                0x080001e2                RCC_IRQHandler
                0x080001e2                TIM8_BRK_TIM12_IRQHandler
                0x080001e2                TIM1_TRG_COM_IRQHandler
                0x080001e2                DMA1_Channel1_IRQHandler
                0x080001e2                Default_Handler
                0x080001e2                CEC_IRQHandler
                0x080001e2                EXTI15_10_IRQHandler
                0x080001e2                TIM14_IRQHandler
                0x080001e2                TIM13_IRQHandler
                0x080001e2                TIM12_IRQHandler
                0x080001e2                TIM7_IRQHandler
                0x080001e2                CAN2_TX_IRQHandler
                0x080001e2                TIM5_IRQHandler
                0x080001e2                EXTI9_5_IRQHandler
                0x080001e2                ETH_WKUP_IRQHandler
                0x080001e2                SPI2_IRQHandler
                0x080001e2                CAN1_TX_IRQHandler
                0x080001e2                DMA2_Channel5_IRQHandler
                0x080001e2                DMA1_Channel5_IRQHandler
                0x080001e2                EXTI4_IRQHandler
                0x080001e2                USB_LP_CAN1_RX0_IRQHandler
                0x080001e2                TIM1_TRG_COM_TIM17_IRQHandler
                0x080001e2                USB_HP_CAN1_TX_IRQHandler
                0x080001e2                DMA1_Channel3_IRQHandler
                0x080001e2                FSMC_IRQHandler
                0x080001e2                ETH_IRQHandler
                0x080001e2                TIM1_UP_IRQHandler
                0x080001e2                WWDG_IRQHandler
                0x080001e2                TIM2_IRQHandler
                0x080001e2                OTG_FS_WKUP_IRQHandler
                0x080001e2                TIM1_TRG_COM_TIM11_IRQHandler
                0x080001e2                TIM1_BRK_IRQHandler
                0x080001e2                EXTI1_IRQHandler
                0x080001e2                RTCAlarm_IRQHandler
                0x080001e2                DMA2_Channel4_5_IRQHandler
                0x080001e2                I2C2_ER_IRQHandler
                0x080001e2                DMA1_Channel2_IRQHandler
                0x080001e2                TIM8_BRK_IRQHandler
                0x080001e2                CAN1_SCE_IRQHandler
                0x080001e2                FLASH_IRQHandler
                0x080001e2                OTG_FS_IRQHandler
                0x080001e2                SPI3_IRQHandler
                0x080001e2                I2C1_ER_IRQHandler
                0x080001e2                USBWakeUp_IRQHandler
                0x080001e2                DMA2_Channel3_IRQHandler
                0x080001e2                TIM1_BRK_TIM15_IRQHandler
                0x080001e4                . = ALIGN (0x4)

.inits          0x080001e4        0x0
                0x080001e4                . = ALIGN (0x4)
 *(.init)
 *(.fini)
                0x080001e4                . = ALIGN (0x4)
                0x080001e4                PROVIDE (__preinit_array_start, .)
 *(.preinit_array_sysinit .preinit_array_sysinit.*)
 *(.preinit_array_platform .preinit_array_platform.*)
 *(.preinit_array .preinit_array.*)
                0x080001e4                PROVIDE (__preinit_array_end, .)
                0x080001e4                . = ALIGN (0x4)
                0x080001e4                PROVIDE (__init_array_start, .)
 *(SORT(.init_array.*))
 *(.init_array)
                0x080001e4                PROVIDE (__init_array_end, .)
                0x080001e4                . = ALIGN (0x4)
                0x080001e4                PROVIDE (__fini_array_start, .)
 *(SORT(.fini_array.*))
 *(.fini_array)
                0x080001e4                PROVIDE (__fini_array_end, .)
                0x080001e4                . = ALIGN (0x4)

.flashtext      0x080001e4        0x0
                0x080001e4                . = ALIGN (0x4)
 *(.flashtext .flashtext.*)
                0x080001e4                . = ALIGN (0x4)

.text           0x080001e4     0x44a3
                0x080001e4                . = ALIGN (0x4)
 *(.text .text.*)
 .text.NVIC_PriorityGroupConfig
                0x080001e4       0x14 ./system/src/stm32f1-stdperiph/misc.o
                0x080001e4                NVIC_PriorityGroupConfig
 .text.NVIC_Init
                0x080001f8       0x68 ./system/src/stm32f1-stdperiph/misc.o
                0x080001f8                NVIC_Init
 .text.ADC_Init
                0x08000260       0x48 ./system/src/stm32f1-stdperiph/stm32f10x_adc.o
                0x08000260                ADC_Init
 .text.ADC_Cmd  0x080002a8       0x12 ./system/src/stm32f1-stdperiph/stm32f10x_adc.o
                0x080002a8                ADC_Cmd
 .text.ADC_ResetCalibration
                0x080002ba        0xa ./system/src/stm32f1-stdperiph/stm32f10x_adc.o
                0x080002ba                ADC_ResetCalibration
 .text.ADC_GetResetCalibrationStatus
                0x080002c4        0x8 ./system/src/stm32f1-stdperiph/stm32f10x_adc.o
                0x080002c4                ADC_GetResetCalibrationStatus
 .text.ADC_StartCalibration
                0x080002cc        0xa ./system/src/stm32f1-stdperiph/stm32f10x_adc.o
                0x080002cc                ADC_StartCalibration
 .text.ADC_GetCalibrationStatus
                0x080002d6        0x8 ./system/src/stm32f1-stdperiph/stm32f10x_adc.o
                0x080002d6                ADC_GetCalibrationStatus
 .text.ADC_SoftwareStartConvCmd
                0x080002de       0x12 ./system/src/stm32f1-stdperiph/stm32f10x_adc.o
                0x080002de                ADC_SoftwareStartConvCmd
 .text.ADC_RegularChannelConfig
                0x080002f0       0x90 ./system/src/stm32f1-stdperiph/stm32f10x_adc.o
                0x080002f0                ADC_RegularChannelConfig
 .text.ADC_GetConversionValue
                0x08000380        0x6 ./system/src/stm32f1-stdperiph/stm32f10x_adc.o
                0x08000380                ADC_GetConversionValue
 *fill*         0x08000386        0x2 
 .text.ADC_TempSensorVrefintCmd
                0x08000388       0x18 ./system/src/stm32f1-stdperiph/stm32f10x_adc.o
                0x08000388                ADC_TempSensorVrefintCmd
 .text.ADC_GetFlagStatus
                0x080003a0        0xc ./system/src/stm32f1-stdperiph/stm32f10x_adc.o
                0x080003a0                ADC_GetFlagStatus
 .text.ADC_ClearFlag
                0x080003ac        0x6 ./system/src/stm32f1-stdperiph/stm32f10x_adc.o
                0x080003ac                ADC_ClearFlag
 *fill*         0x080003b2        0x2 
 .text.BKP_WriteBackupRegister
                0x080003b4       0x1c ./system/src/stm32f1-stdperiph/stm32f10x_bkp.o
                0x080003b4                BKP_WriteBackupRegister
 .text.BKP_ReadBackupRegister
                0x080003d0       0x20 ./system/src/stm32f1-stdperiph/stm32f10x_bkp.o
                0x080003d0                BKP_ReadBackupRegister
 .text.GPIO_Init
                0x080003f0       0x9c ./system/src/stm32f1-stdperiph/stm32f10x_gpio.o
                0x080003f0                GPIO_Init
 .text.GPIO_ReadOutputDataBit
                0x0800048c        0xc ./system/src/stm32f1-stdperiph/stm32f10x_gpio.o
                0x0800048c                GPIO_ReadOutputDataBit
 .text.GPIO_SetBits
                0x08000498        0x4 ./system/src/stm32f1-stdperiph/stm32f10x_gpio.o
                0x08000498                GPIO_SetBits
 .text.GPIO_ResetBits
                0x0800049c        0x4 ./system/src/stm32f1-stdperiph/stm32f10x_gpio.o
                0x0800049c                GPIO_ResetBits
 .text.GPIO_WriteBit
                0x080004a0        0xa ./system/src/stm32f1-stdperiph/stm32f10x_gpio.o
                0x080004a0                GPIO_WriteBit
 *fill*         0x080004aa        0x2 
 .text.PWR_BackupAccessCmd
                0x080004ac        0xc ./system/src/stm32f1-stdperiph/stm32f10x_pwr.o
                0x080004ac                PWR_BackupAccessCmd
 .text.RCC_LSEConfig
                0x080004b8       0x20 ./system/src/stm32f1-stdperiph/stm32f10x_rcc.o
                0x080004b8                RCC_LSEConfig
 .text.RCC_RTCCLKConfig
                0x080004d8       0x10 ./system/src/stm32f1-stdperiph/stm32f10x_rcc.o
                0x080004d8                RCC_RTCCLKConfig
 .text.RCC_RTCCLKCmd
                0x080004e8        0xc ./system/src/stm32f1-stdperiph/stm32f10x_rcc.o
                0x080004e8                RCC_RTCCLKCmd
 .text.RCC_GetClocksFreq
                0x080004f4       0x88 ./system/src/stm32f1-stdperiph/stm32f10x_rcc.o
                0x080004f4                RCC_GetClocksFreq
 .text.RCC_APB2PeriphClockCmd
                0x0800057c       0x18 ./system/src/stm32f1-stdperiph/stm32f10x_rcc.o
                0x0800057c                RCC_APB2PeriphClockCmd
 .text.RCC_APB1PeriphClockCmd
                0x08000594       0x18 ./system/src/stm32f1-stdperiph/stm32f10x_rcc.o
                0x08000594                RCC_APB1PeriphClockCmd
 .text.RCC_GetFlagStatus
                0x080005ac       0x28 ./system/src/stm32f1-stdperiph/stm32f10x_rcc.o
                0x080005ac                RCC_GetFlagStatus
 .text.RCC_ClearFlag
                0x080005d4       0x10 ./system/src/stm32f1-stdperiph/stm32f10x_rcc.o
                0x080005d4                RCC_ClearFlag
 .text.RTC_ITConfig
                0x080005e4       0x18 ./system/src/stm32f1-stdperiph/stm32f10x_rtc.o
                0x080005e4                RTC_ITConfig
 .text.RTC_EnterConfigMode
                0x080005fc       0x14 ./system/src/stm32f1-stdperiph/stm32f10x_rtc.o
                0x080005fc                RTC_EnterConfigMode
 .text.RTC_ExitConfigMode
                0x08000610       0x14 ./system/src/stm32f1-stdperiph/stm32f10x_rtc.o
                0x08000610                RTC_ExitConfigMode
 .text.RTC_GetCounter
                0x08000624       0x14 ./system/src/stm32f1-stdperiph/stm32f10x_rtc.o
                0x08000624                RTC_GetCounter
 .text.RTC_SetPrescaler
                0x08000638       0x20 ./system/src/stm32f1-stdperiph/stm32f10x_rtc.o
                0x08000638                RTC_SetPrescaler
 .text.RTC_WaitForLastTask
                0x08000658       0x10 ./system/src/stm32f1-stdperiph/stm32f10x_rtc.o
                0x08000658                RTC_WaitForLastTask
 .text.RTC_WaitForSynchro
                0x08000668       0x1c ./system/src/stm32f1-stdperiph/stm32f10x_rtc.o
                0x08000668                RTC_WaitForSynchro
 .text.USART_Init
                0x08000684       0xa8 ./system/src/stm32f1-stdperiph/stm32f10x_usart.o
                0x08000684                USART_Init
 .text.USART_Cmd
                0x0800072c       0x18 ./system/src/stm32f1-stdperiph/stm32f10x_usart.o
                0x0800072c                USART_Cmd
 .text.USART_ITConfig
                0x08000744       0x30 ./system/src/stm32f1-stdperiph/stm32f10x_usart.o
                0x08000744                USART_ITConfig
 .text.USART_SendData
                0x08000774        0x8 ./system/src/stm32f1-stdperiph/stm32f10x_usart.o
                0x08000774                USART_SendData
 .text.USART_ReceiveData
                0x0800077c        0x8 ./system/src/stm32f1-stdperiph/stm32f10x_usart.o
                0x0800077c                USART_ReceiveData
 .text.USART_GetITStatus
                0x08000784       0x40 ./system/src/stm32f1-stdperiph/stm32f10x_usart.o
                0x08000784                USART_GetITStatus
 .text._exit    0x080007c4        0x6 ./system/src/newlib/_exit.o
                0x080007c4                _exit
 *fill*         0x080007ca        0x2 
 .text._sbrk    0x080007cc       0x40 ./system/src/newlib/_sbrk.o
                0x080007cc                _sbrk
 .text.__initialize_args
                0x0800080c       0x10 ./system/src/newlib/_syscalls.o
                0x0800080c                __initialize_args
 .text.vListInitialise
                0x0800081c       0x16 ./system/src/freertos/src/list.o
                0x0800081c                vListInitialise
 .text.vListInitialiseItem
                0x08000832        0x6 ./system/src/freertos/src/list.o
                0x08000832                vListInitialiseItem
 .text.vListInsertEnd
                0x08000838       0x18 ./system/src/freertos/src/list.o
                0x08000838                vListInsertEnd
 .text.vListInsert
                0x08000850       0x30 ./system/src/freertos/src/list.o
                0x08000850                vListInsert
 .text.uxListRemove
                0x08000880       0x20 ./system/src/freertos/src/list.o
                0x08000880                uxListRemove
 .text.prvCopyDataToQueue
                0x080008a0       0x66 ./system/src/freertos/src/queue.o
 .text.prvCopyDataFromQueue
                0x08000906       0x26 ./system/src/freertos/src/queue.o
 .text.prvUnlockQueue
                0x0800092c       0x64 ./system/src/freertos/src/queue.o
 .text.xQueueGenericReset
                0x08000990       0x5a ./system/src/freertos/src/queue.o
                0x08000990                xQueueGenericReset
 .text.xQueueGenericCreate
                0x080009ea       0x4c ./system/src/freertos/src/queue.o
                0x080009ea                xQueueGenericCreate
 .text.xQueueCreateCountingSemaphore
                0x08000a36       0x12 ./system/src/freertos/src/queue.o
                0x08000a36                xQueueCreateCountingSemaphore
 .text.xQueueGenericSend
                0x08000a48       0xd2 ./system/src/freertos/src/queue.o
                0x08000a48                xQueueGenericSend
 .text.xQueueCreateMutex
                0x08000b1a       0x4a ./system/src/freertos/src/queue.o
                0x08000b1a                xQueueCreateMutex
 .text.xQueueGenericSendFromISR
                0x08000b64       0x5c ./system/src/freertos/src/queue.o
                0x08000b64                xQueueGenericSendFromISR
 .text.xQueueGenericReceive
                0x08000bc0      0x102 ./system/src/freertos/src/queue.o
                0x08000bc0                xQueueGenericReceive
 .text.xQueueReceiveFromISR
                0x08000cc2       0x52 ./system/src/freertos/src/queue.o
                0x08000cc2                xQueueReceiveFromISR
 .text.uxQueueMessagesWaiting
                0x08000d14       0x12 ./system/src/freertos/src/queue.o
                0x08000d14                uxQueueMessagesWaiting
 .text.xQueueIsQueueFullFromISR
                0x08000d26        0xc ./system/src/freertos/src/queue.o
                0x08000d26                xQueueIsQueueFullFromISR
 *fill*         0x08000d32        0x2 
 .text.prvResetNextTaskUnblockTime
                0x08000d34       0x24 ./system/src/freertos/src/tasks.o
 .text.prvAddCurrentTaskToDelayedList
                0x08000d58       0x50 ./system/src/freertos/src/tasks.o
 .text.xTaskGenericCreate
                0x08000da8      0x198 ./system/src/freertos/src/tasks.o
                0x08000da8                xTaskGenericCreate
 .text.vTaskStartScheduler
                0x08000f40       0x4c ./system/src/freertos/src/tasks.o
                0x08000f40                vTaskStartScheduler
 .text.vTaskSuspendAll
                0x08000f8c       0x10 ./system/src/freertos/src/tasks.o
                0x08000f8c                vTaskSuspendAll
 .text.xTaskGetTickCount
                0x08000f9c       0x18 ./system/src/freertos/src/tasks.o
                0x08000f9c                xTaskGetTickCount
 .text.xTaskIncrementTick
                0x08000fb4       0xfc ./system/src/freertos/src/tasks.o
                0x08000fb4                xTaskIncrementTick
 .text.xTaskResumeAll
                0x080010b0       0xbc ./system/src/freertos/src/tasks.o
                0x080010b0                xTaskResumeAll
 .text.vTaskDelayUntil
                0x0800116c       0x5c ./system/src/freertos/src/tasks.o
                0x0800116c                vTaskDelayUntil
 .text.vTaskDelay
                0x080011c8       0x3c ./system/src/freertos/src/tasks.o
                0x080011c8                vTaskDelay
 .text.prvIdleTask
                0x08001204       0x68 ./system/src/freertos/src/tasks.o
 .text.vTaskSwitchContext
                0x0800126c       0x94 ./system/src/freertos/src/tasks.o
                0x0800126c                vTaskSwitchContext
 .text.vTaskPlaceOnEventList
                0x08001300       0x44 ./system/src/freertos/src/tasks.o
                0x08001300                vTaskPlaceOnEventList
 .text.xTaskRemoveFromEventList
                0x08001344       0x6c ./system/src/freertos/src/tasks.o
                0x08001344                xTaskRemoveFromEventList
 .text.vTaskSetTimeOutState
                0x080013b0       0x18 ./system/src/freertos/src/tasks.o
                0x080013b0                vTaskSetTimeOutState
 .text.xTaskCheckForTimeOut
                0x080013c8       0x4c ./system/src/freertos/src/tasks.o
                0x080013c8                xTaskCheckForTimeOut
 .text.vTaskMissedYield
                0x08001414        0xc ./system/src/freertos/src/tasks.o
                0x08001414                vTaskMissedYield
 .text.xTaskGetCurrentTaskHandle
                0x08001420        0xc ./system/src/freertos/src/tasks.o
                0x08001420                xTaskGetCurrentTaskHandle
 .text.vTaskPriorityInherit
                0x0800142c       0x70 ./system/src/freertos/src/tasks.o
                0x0800142c                vTaskPriorityInherit
 .text.vTaskPriorityDisinherit
                0x0800149c       0x4c ./system/src/freertos/src/tasks.o
                0x0800149c                vTaskPriorityDisinherit
 .text.prvInsertBlockIntoFreeList
                0x080014e8       0x48 ./system/src/freertos/portable/heap_4.o
 .text.pvPortMalloc
                0x08001530       0xe8 ./system/src/freertos/portable/heap_4.o
                0x08001530                pvPortMalloc
 .text.vPortFree
                0x08001618       0x4c ./system/src/freertos/portable/heap_4.o
                0x08001618                vPortFree
 .text.prvPortStartFirstTask
                0x08001664       0x1c ./system/src/freertos/portable/port.o
 .text.pxPortInitialiseStack
                0x08001680       0x1c ./system/src/freertos/portable/port.o
                0x08001680                pxPortInitialiseStack
 .text.SVC_Handler
                0x0800169c       0x24 ./system/src/freertos/portable/port.o
                0x0800169c                SVC_Handler
 .text.vPortYield
                0x080016c0       0x18 ./system/src/freertos/portable/port.o
                0x080016c0                vPortYield
 .text.ulPortSetInterruptMask
                0x080016d8       0x10 ./system/src/freertos/portable/port.o
                0x080016d8                ulPortSetInterruptMask
 .text.prvTaskExitError
                0x080016e8        0x8 ./system/src/freertos/portable/port.o
 .text.vPortEnterCritical
                0x080016f0       0x1c ./system/src/freertos/portable/port.o
                0x080016f0                vPortEnterCritical
 .text.vPortClearInterruptMask
                0x0800170c        0x6 ./system/src/freertos/portable/port.o
                0x0800170c                vPortClearInterruptMask
 *fill*         0x08001712        0x2 
 .text.vPortExitCritical
                0x08001714       0x14 ./system/src/freertos/portable/port.o
                0x08001714                vPortExitCritical
 .text.PendSV_Handler
                0x08001728       0x44 ./system/src/freertos/portable/port.o
                0x08001728                PendSV_Handler
 .text.SysTick_Handler
                0x0800176c       0x24 ./system/src/freertos/portable/port.o
                0x0800176c                SysTick_Handler
 .text.vPortSetupTimerInterrupt
                0x08001790       0x18 ./system/src/freertos/portable/port.o
                0x08001790                vPortSetupTimerInterrupt
 .text.xPortStartScheduler
                0x080017a8       0x30 ./system/src/freertos/portable/port.o
                0x080017a8                xPortStartScheduler
 .text.__initialize_hardware
                0x080017d8        0x4 ./system/src/cortexm/_initialize_hardware.o
                0x080017d8                __initialize_hardware
 .text.__reset_hardware
                0x080017dc       0x20 ./system/src/cortexm/_reset_hardware.o
                0x080017dc                __reset_hardware
 .text.SystemInit
                0x080017fc       0xf4 ./system/src/cmsis/system_stm32f10x.o
                0x080017fc                SystemInit
 .text._ZN5usart4initEv
                0x080018f0      0x17c ./src/usart/usart.o
                0x080018f0                usart::init()
 .text._ZN5usart4putsEPKc
                0x08001a6c       0x4c ./src/usart/usart.o
                0x08001a6c                usart::puts(char const*)
 .text._ZN5usart5put_cEam
                0x08001ab8       0x34 ./src/usart/usart.o
                0x08001ab8                usart::put_c(signed char, unsigned long)
 .text._ZN5usart6printfEPKcz
                0x08001aec       0x2e ./src/usart/usart.o
                0x08001aec                usart::printf(char const*, ...)
 *fill*         0x08001b1a        0x2 
 .text.USART1_IRQHandler
                0x08001b1c      0x118 ./src/usart/usart.o
                0x08001b1c                USART1_IRQHandler
 .text.USART2_IRQHandler
                0x08001c34       0x2c ./src/usart/usart.o
                0x08001c34                USART2_IRQHandler
 .text.USART3_IRQHandler
                0x08001c60       0x2c ./src/usart/usart.o
                0x08001c60                USART3_IRQHandler
 .text._ZN3rtc4initEv
                0x08001c8c       0xa6 ./src/rtc/rtc.o
                0x08001c8c                rtc::init()
 *fill*         0x08001d32        0x2 
 .text._ZN3rtc4putsEPcj
                0x08001d34       0x2c ./src/rtc/rtc.o
                0x08001d34                rtc::puts(char*, unsigned int)
 .text._ZN3led8turn_offEv
                0x08001d60       0x12 ./src/led/led.o
                0x08001d60                led::turn_off()
 .text._ZN3led4initEv
                0x08001d72       0x30 ./src/led/led.o
                0x08001d72                led::init()
 .text._ZN3led7turn_onEv
                0x08001da2       0x12 ./src/led/led.o
                0x08001da2                led::turn_on()
 .text._ZN3led6chg_stEv
                0x08001db4       0x20 ./src/led/led.o
                0x08001db4                led::chg_st()
 .text._ZL14prvHelpCommandPcjPKc
                0x08001dd4       0x2c ./src/job/FreeRTOS_CLI.o
 .text._Z27FreeRTOS_CLIRegisterCommandPK19xCOMMAND_LINE_INPUT
                0x08001e00       0x30 ./src/job/FreeRTOS_CLI.o
                0x08001e00                FreeRTOS_CLIRegisterCommand(xCOMMAND_LINE_INPUT const*)
 .text._Z26FreeRTOS_CLIProcessCommandPKcPcj
                0x08001e30       0xcc ./src/job/FreeRTOS_CLI.o
                0x08001e30                FreeRTOS_CLIProcessCommand(char const*, char*, unsigned int)
 .text._ZL15prvClearCommandPcjPKc
                0x08001efc       0x10 ./src/job/job.o
 .text._ZL18prvSayHelloCommandPcjPKc
                0x08001f0c       0x10 ./src/job/job.o
 .text._ZL13prvLedCommandPcjPKc
                0x08001f1c       0xb8 ./src/job/job.o
 .text._ZL15prvResetCommandPcjPKc
                0x08001fd4       0x40 ./src/job/job.o
 .text._ZL14prvDateCommandPcjPKc
                0x08002014       0x14 ./src/job/job.o
 .text._ZL17prvGetTmprCommandPcjPKc
                0x08002028       0x14 ./src/job/job.o
 .text._Z20vRegisterCLICommandsv
                0x0800203c       0x44 ./src/job/job.o
                0x0800203c                vRegisterCLICommands()
 .text._Z19vCommandConsoleTaskPv
                0x08002080       0xc0 ./src/job/job.o
                0x08002080                vCommandConsoleTask(void*)
 .text._ZN3dwt4initEv
                0x08002140       0x28 ./src/dwt/dwt.o
                0x08002140                dwt::init()
 .text._ZN3dwt8sleep_msEm
                0x08002168       0x28 ./src/dwt/dwt.o
                0x08002168                dwt::sleep_ms(unsigned long)
 .text._ZN3adc4initEv
                0x08002190       0x5e ./src/adc/adc.o
                0x08002190                adc::init()
 .text._ZN3adc3getEv
                0x080021ee       0x2c ./src/adc/adc.o
                0x080021ee                adc::get()
 *fill*         0x0800221a        0x2 
 .text._ZN3adc4putsEPcj
                0x0800221c       0x60 ./src/adc/adc.o
                0x0800221c                adc::puts(char*, unsigned int)
 .text._ZL13usart1rx_taskPv
                0x0800227c      0x178 ./src/main.o
 .text._ZL8led_taskPv
                0x080023f4       0x20 ./src/main.o
 .text.startup.main
                0x08002414      0x114 ./src/main.o
                0x08002414                main
 .text.vApplicationIdleHook
                0x08002528        0x4 ./src/main.o
                0x08002528                vApplicationIdleHook
 .text.vApplicationStackOverflowHook
                0x0800252c       0x2c ./src/main.o
                0x0800252c                vApplicationStackOverflowHook
 .text.__errno  0x08002558        0xc /home/kwluo/Projects/Embeded/Cortex-M3/toolchain/gcc-arm-none-eabi-4_8-2014q1/bin/../lib/gcc/arm-none-eabi/4.8.3/../../../../arm-none-eabi/lib/armv7-m/libg_s.a(lib_a-errno.o)
                0x08002558                __errno
 .text.gmtime   0x08002564       0x24 /home/kwluo/Projects/Embeded/Cortex-M3/toolchain/gcc-arm-none-eabi-4_8-2014q1/bin/../lib/gcc/arm-none-eabi/4.8.3/../../../../arm-none-eabi/lib/armv7-m/libg_s.a(lib_a-gmtime.o)
                0x08002564                gmtime
 .text.gmtime_r
                0x08002588        0x6 /home/kwluo/Projects/Embeded/Cortex-M3/toolchain/gcc-arm-none-eabi-4_8-2014q1/bin/../lib/gcc/arm-none-eabi/4.8.3/../../../../arm-none-eabi/lib/armv7-m/libg_s.a(lib_a-gmtime_r.o)
                0x08002588                gmtime_r
 *fill*         0x0800258e        0x2 
 .text.malloc   0x08002590       0x10 /home/kwluo/Projects/Embeded/Cortex-M3/toolchain/gcc-arm-none-eabi-4_8-2014q1/bin/../lib/gcc/arm-none-eabi/4.8.3/../../../../arm-none-eabi/lib/armv7-m/libg_s.a(lib_a-malloc.o)
                0x08002590                malloc
 .text.memcmp   0x080025a0       0x1e /home/kwluo/Projects/Embeded/Cortex-M3/toolchain/gcc-arm-none-eabi-4_8-2014q1/bin/../lib/gcc/arm-none-eabi/4.8.3/../../../../arm-none-eabi/lib/armv7-m/libg_s.a(lib_a-memcmp.o)
                0x080025a0                memcmp
 .text.memcpy   0x080025be       0x12 /home/kwluo/Projects/Embeded/Cortex-M3/toolchain/gcc-arm-none-eabi-4_8-2014q1/bin/../lib/gcc/arm-none-eabi/4.8.3/../../../../arm-none-eabi/lib/armv7-m/libg_s.a(lib_a-memcpy-stub.o)
                0x080025be                memcpy
 .text.memset   0x080025d0       0x10 /home/kwluo/Projects/Embeded/Cortex-M3/toolchain/gcc-arm-none-eabi-4_8-2014q1/bin/../lib/gcc/arm-none-eabi/4.8.3/../../../../arm-none-eabi/lib/armv7-m/libg_s.a(lib_a-memset.o)
                0x080025d0                memset
 .text.__tzcalc_limits
                0x080025e0      0x15c /home/kwluo/Projects/Embeded/Cortex-M3/toolchain/gcc-arm-none-eabi-4_8-2014q1/bin/../lib/gcc/arm-none-eabi/4.8.3/../../../../arm-none-eabi/lib/armv7-m/libg_s.a(lib_a-mktm_r.o)
                0x080025e0                __tzcalc_limits
 .text._mktm_r  0x0800273c      0x290 /home/kwluo/Projects/Embeded/Cortex-M3/toolchain/gcc-arm-none-eabi-4_8-2014q1/bin/../lib/gcc/arm-none-eabi/4.8.3/../../../../arm-none-eabi/lib/armv7-m/libg_s.a(lib_a-mktm_r.o)
                0x0800273c                _mktm_r
 .text._free_r  0x080029cc       0x88 /home/kwluo/Projects/Embeded/Cortex-M3/toolchain/gcc-arm-none-eabi-4_8-2014q1/bin/../lib/gcc/arm-none-eabi/4.8.3/../../../../arm-none-eabi/lib/armv7-m/libg_s.a(lib_a-nano-freer.o)
                0x080029cc                _free_r
 .text._malloc_r
                0x08002a54       0xa8 /home/kwluo/Projects/Embeded/Cortex-M3/toolchain/gcc-arm-none-eabi-4_8-2014q1/bin/../lib/gcc/arm-none-eabi/4.8.3/../../../../arm-none-eabi/lib/armv7-m/libg_s.a(lib_a-nano-mallocr.o)
                0x08002a54                _malloc_r
 .text._sbrk_r  0x08002afc       0x20 /home/kwluo/Projects/Embeded/Cortex-M3/toolchain/gcc-arm-none-eabi-4_8-2014q1/bin/../lib/gcc/arm-none-eabi/4.8.3/../../../../arm-none-eabi/lib/armv7-m/libg_s.a(lib_a-sbrkr.o)
                0x08002afc                _sbrk_r
 .text.sprintf  0x08002b1c       0x48 /home/kwluo/Projects/Embeded/Cortex-M3/toolchain/gcc-arm-none-eabi-4_8-2014q1/bin/../lib/gcc/arm-none-eabi/4.8.3/../../../../arm-none-eabi/lib/armv7-m/libg_s.a(lib_a-sprintf.o)
                0x08002b1c                sprintf
                0x08002b1c                siprintf
 .text.strcat   0x08002b64       0x1a /home/kwluo/Projects/Embeded/Cortex-M3/toolchain/gcc-arm-none-eabi-4_8-2014q1/bin/../lib/gcc/arm-none-eabi/4.8.3/../../../../arm-none-eabi/lib/armv7-m/libg_s.a(lib_a-strcat.o)
                0x08002b64                strcat
 .text          0x08002b7e       0x14 /home/kwluo/Projects/Embeded/Cortex-M3/toolchain/gcc-arm-none-eabi-4_8-2014q1/bin/../lib/gcc/arm-none-eabi/4.8.3/../../../../arm-none-eabi/lib/armv7-m/libg_s.a(lib_a-strcmp.o)
                0x08002b7e                strcmp
 .text.strcpy   0x08002b92       0x10 /home/kwluo/Projects/Embeded/Cortex-M3/toolchain/gcc-arm-none-eabi-4_8-2014q1/bin/../lib/gcc/arm-none-eabi/4.8.3/../../../../arm-none-eabi/lib/armv7-m/libg_s.a(lib_a-strcpy.o)
                0x08002b92                strcpy
 .text.iso_year_adjust
                0x08002ba2       0xc4 /home/kwluo/Projects/Embeded/Cortex-M3/toolchain/gcc-arm-none-eabi-4_8-2014q1/bin/../lib/gcc/arm-none-eabi/4.8.3/../../../../arm-none-eabi/lib/armv7-m/libg_s.a(lib_a-strftime.o)
 *fill*         0x08002c66        0x2 
 .text.strftime
                0x08002c68      0x868 /home/kwluo/Projects/Embeded/Cortex-M3/toolchain/gcc-arm-none-eabi-4_8-2014q1/bin/../lib/gcc/arm-none-eabi/4.8.3/../../../../arm-none-eabi/lib/armv7-m/libg_s.a(lib_a-strftime.o)
                0x08002c68                strftime
 .text.strlen   0x080034d0       0x10 /home/kwluo/Projects/Embeded/Cortex-M3/toolchain/gcc-arm-none-eabi-4_8-2014q1/bin/../lib/gcc/arm-none-eabi/4.8.3/../../../../arm-none-eabi/lib/armv7-m/libg_s.a(lib_a-strlen.o)
                0x080034d0                strlen
 .text.strncmp  0x080034e0       0x2c /home/kwluo/Projects/Embeded/Cortex-M3/toolchain/gcc-arm-none-eabi-4_8-2014q1/bin/../lib/gcc/arm-none-eabi/4.8.3/../../../../arm-none-eabi/lib/armv7-m/libg_s.a(lib_a-strncmp.o)
                0x080034e0                strncmp
 .text.strncpy  0x0800350c       0x24 /home/kwluo/Projects/Embeded/Cortex-M3/toolchain/gcc-arm-none-eabi-4_8-2014q1/bin/../lib/gcc/arm-none-eabi/4.8.3/../../../../arm-none-eabi/lib/armv7-m/libg_s.a(lib_a-strncpy.o)
                0x0800350c                strncpy
 .text.strtok   0x08003530       0x64 /home/kwluo/Projects/Embeded/Cortex-M3/toolchain/gcc-arm-none-eabi-4_8-2014q1/bin/../lib/gcc/arm-none-eabi/4.8.3/../../../../arm-none-eabi/lib/armv7-m/libg_s.a(lib_a-strtok.o)
                0x08003530                strtok
 .text.__strtok_r
                0x08003594       0x56 /home/kwluo/Projects/Embeded/Cortex-M3/toolchain/gcc-arm-none-eabi-4_8-2014q1/bin/../lib/gcc/arm-none-eabi/4.8.3/../../../../arm-none-eabi/lib/armv7-m/libg_s.a(lib_a-strtok_r.o)
                0x08003594                __strtok_r
 *fill*         0x080035ea        0x2 
 .text._strtoul_r
                0x080035ec       0xf0 /home/kwluo/Projects/Embeded/Cortex-M3/toolchain/gcc-arm-none-eabi-4_8-2014q1/bin/../lib/gcc/arm-none-eabi/4.8.3/../../../../arm-none-eabi/lib/armv7-m/libg_s.a(lib_a-strtoul.o)
                0x080035ec                _strtoul_r
 .text.strtoul  0x080036dc       0x1c /home/kwluo/Projects/Embeded/Cortex-M3/toolchain/gcc-arm-none-eabi-4_8-2014q1/bin/../lib/gcc/arm-none-eabi/4.8.3/../../../../arm-none-eabi/lib/armv7-m/libg_s.a(lib_a-strtoul.o)
                0x080036dc                strtoul
 .text.__ssputs_r
                0x080036f8       0xb8 /home/kwluo/Projects/Embeded/Cortex-M3/toolchain/gcc-arm-none-eabi-4_8-2014q1/bin/../lib/gcc/arm-none-eabi/4.8.3/../../../../arm-none-eabi/lib/armv7-m/libg_s.a(lib_a-svfprintf.o)
                0x080036f8                __ssputs_r
 .text._svfprintf_r
                0x080037b0      0x1d8 /home/kwluo/Projects/Embeded/Cortex-M3/toolchain/gcc-arm-none-eabi-4_8-2014q1/bin/../lib/gcc/arm-none-eabi/4.8.3/../../../../arm-none-eabi/lib/armv7-m/libg_s.a(lib_a-svfprintf.o)
                0x080037b0                _svfprintf_r
                0x080037b0                _svfiprintf_r
 .text.__get_current_time_locale
                0x08003988       0x20 /home/kwluo/Projects/Embeded/Cortex-M3/toolchain/gcc-arm-none-eabi-4_8-2014q1/bin/../lib/gcc/arm-none-eabi/4.8.3/../../../../arm-none-eabi/lib/armv7-m/libg_s.a(lib_a-timelocal.o)
                0x08003988                __get_current_time_locale
 .text.__tz_lock
                0x080039a8        0x2 /home/kwluo/Projects/Embeded/Cortex-M3/toolchain/gcc-arm-none-eabi-4_8-2014q1/bin/../lib/gcc/arm-none-eabi/4.8.3/../../../../arm-none-eabi/lib/armv7-m/libg_s.a(lib_a-tzlock.o)
                0x080039a8                __tz_lock
 .text.__tz_unlock
                0x080039aa        0x2 /home/kwluo/Projects/Embeded/Cortex-M3/toolchain/gcc-arm-none-eabi-4_8-2014q1/bin/../lib/gcc/arm-none-eabi/4.8.3/../../../../arm-none-eabi/lib/armv7-m/libg_s.a(lib_a-tzlock.o)
                0x080039aa                __tz_unlock
 .text._printf_common
                0x080039ac       0xe4 /home/kwluo/Projects/Embeded/Cortex-M3/toolchain/gcc-arm-none-eabi-4_8-2014q1/bin/../lib/gcc/arm-none-eabi/4.8.3/../../../../arm-none-eabi/lib/armv7-m/libg_s.a(lib_a-vfprintf_i.o)
                0x080039ac                _printf_common
 .text._printf_i
                0x08003a90      0x228 /home/kwluo/Projects/Embeded/Cortex-M3/toolchain/gcc-arm-none-eabi-4_8-2014q1/bin/../lib/gcc/arm-none-eabi/4.8.3/../../../../arm-none-eabi/lib/armv7-m/libg_s.a(lib_a-vfprintf_i.o)
                0x08003a90                _printf_i
 .text._vsnprintf_r
                0x08003cb8       0x52 /home/kwluo/Projects/Embeded/Cortex-M3/toolchain/gcc-arm-none-eabi-4_8-2014q1/bin/../lib/gcc/arm-none-eabi/4.8.3/../../../../arm-none-eabi/lib/armv7-m/libg_s.a(lib_a-vsnprintf.o)
                0x08003cb8                _vsnprintf_r
                0x08003cb8                _vsniprintf_r
 *fill*         0x08003d0a        0x2 
 .text.vsnprintf
                0x08003d0c       0x20 /home/kwluo/Projects/Embeded/Cortex-M3/toolchain/gcc-arm-none-eabi-4_8-2014q1/bin/../lib/gcc/arm-none-eabi/4.8.3/../../../../arm-none-eabi/lib/armv7-m/libg_s.a(lib_a-vsnprintf.o)
                0x08003d0c                vsnprintf
                0x08003d0c                vsniprintf
 .text.abs      0x08003d2c        0x8 /home/kwluo/Projects/Embeded/Cortex-M3/toolchain/gcc-arm-none-eabi-4_8-2014q1/bin/../lib/gcc/arm-none-eabi/4.8.3/../../../../arm-none-eabi/lib/armv7-m/libg_s.a(lib_a-abs.o)
                0x08003d2c                abs
 .text.__gettzinfo
                0x08003d34        0x8 /home/kwluo/Projects/Embeded/Cortex-M3/toolchain/gcc-arm-none-eabi-4_8-2014q1/bin/../lib/gcc/arm-none-eabi/4.8.3/../../../../arm-none-eabi/lib/armv7-m/libg_s.a(lib_a-gettzinfo.o)
                0x08003d34                __gettzinfo
 .text.labs     0x08003d3c        0x8 /home/kwluo/Projects/Embeded/Cortex-M3/toolchain/gcc-arm-none-eabi-4_8-2014q1/bin/../lib/gcc/arm-none-eabi/4.8.3/../../../../arm-none-eabi/lib/armv7-m/libg_s.a(lib_a-labs.o)
                0x08003d3c                labs
 .text.memchr   0x08003d44       0x1c /home/kwluo/Projects/Embeded/Cortex-M3/toolchain/gcc-arm-none-eabi-4_8-2014q1/bin/../lib/gcc/arm-none-eabi/4.8.3/../../../../arm-none-eabi/lib/armv7-m/libg_s.a(lib_a-memchr-stub.o)
                0x08003d44                memchr
 .text.memmove  0x08003d60       0x36 /home/kwluo/Projects/Embeded/Cortex-M3/toolchain/gcc-arm-none-eabi-4_8-2014q1/bin/../lib/gcc/arm-none-eabi/4.8.3/../../../../arm-none-eabi/lib/armv7-m/libg_s.a(lib_a-memmove.o)
                0x08003d60                memmove
 .text._realloc_r
                0x08003d96       0x4c /home/kwluo/Projects/Embeded/Cortex-M3/toolchain/gcc-arm-none-eabi-4_8-2014q1/bin/../lib/gcc/arm-none-eabi/4.8.3/../../../../arm-none-eabi/lib/armv7-m/libg_s.a(lib_a-nano-reallocr.o)
                0x08003d96                _realloc_r
 *fill*         0x08003de2        0x2 
 .text.snprintf
                0x08003de4       0x64 /home/kwluo/Projects/Embeded/Cortex-M3/toolchain/gcc-arm-none-eabi-4_8-2014q1/bin/../lib/gcc/arm-none-eabi/4.8.3/../../../../arm-none-eabi/lib/armv7-m/libg_s.a(lib_a-snprintf.o)
                0x08003de4                snprintf
                0x08003de4                sniprintf
 .text._malloc_usable_size_r
                0x08003e48       0x12 /home/kwluo/Projects/Embeded/Cortex-M3/toolchain/gcc-arm-none-eabi-4_8-2014q1/bin/../lib/gcc/arm-none-eabi/4.8.3/../../../../arm-none-eabi/lib/armv7-m/libg_s.a(lib_a-nano-msizer.o)
                0x08003e48                _malloc_usable_size_r
 *(.rodata .rodata.*)
 .rodata.str1.1
                0x08003e5a        0x5 ./system/src/freertos/src/tasks.o
 .rodata.ucExpectedStackBytes.5279
                0x08003e5f       0x14 ./system/src/freertos/src/tasks.o
 .rodata.str1.1
                0x08003e73       0x17 ./src/rtc/rtc.o
 *fill*         0x08003e8a        0x2 
 .rodata._ZL12xHelpCommand
                0x08003e8c       0x10 ./src/job/FreeRTOS_CLI.o
 .rodata.str1.1
                0x08003e9c       0xdd ./src/job/FreeRTOS_CLI.o
 *fill*         0x08003f79        0x3 
 .rodata._ZL6xClear
                0x08003f7c       0x10 ./src/job/job.o
 .rodata._ZL6xHello
                0x08003f8c       0x10 ./src/job/job.o
 .rodata._ZL4xLed
                0x08003f9c       0x10 ./src/job/job.o
 .rodata.str1.1
                0x08003fac      0x189 ./src/job/job.o
                                0x18f (size before relaxing)
 *fill*         0x08004135        0x3 
 .rodata._ZL5xDate
                0x08004138       0x10 ./src/job/job.o
 .rodata._ZL8xGetTmpr
                0x08004148       0x10 ./src/job/job.o
 .rodata._ZL6xReset
                0x08004158       0x10 ./src/job/job.o
 .rodata.str1.1
                0x08004168       0x26 ./src/adc/adc.o
 *fill*         0x0800418e        0x2 
 .rodata        0x08004190       0x4c ./src/main.o
 .rodata.str1.1
                0x080041dc       0x83 ./src/main.o
                                 0xc1 (size before relaxing)
 .rodata.str1.1
                0x0800425f        0x2 /home/kwluo/Projects/Embeded/Cortex-M3/toolchain/gcc-arm-none-eabi-4_8-2014q1/bin/../lib/gcc/arm-none-eabi/4.8.3/../../../../arm-none-eabi/lib/armv7-m/libg_s.a(lib_a-impure.o)
 *fill*         0x08004261        0x3 
 .rodata.mon_lengths
                0x08004264       0x60 /home/kwluo/Projects/Embeded/Cortex-M3/toolchain/gcc-arm-none-eabi-4_8-2014q1/bin/../lib/gcc/arm-none-eabi/4.8.3/../../../../arm-none-eabi/lib/armv7-m/libg_s.a(lib_a-mktm_r.o)
 .rodata.year_lengths
                0x080042c4        0x8 /home/kwluo/Projects/Embeded/Cortex-M3/toolchain/gcc-arm-none-eabi-4_8-2014q1/bin/../lib/gcc/arm-none-eabi/4.8.3/../../../../arm-none-eabi/lib/armv7-m/libg_s.a(lib_a-mktm_r.o)
 .rodata.str1.1
                0x080042cc       0x54 /home/kwluo/Projects/Embeded/Cortex-M3/toolchain/gcc-arm-none-eabi-4_8-2014q1/bin/../lib/gcc/arm-none-eabi/4.8.3/../../../../arm-none-eabi/lib/armv7-m/libg_s.a(lib_a-strftime.o)
                                 0x66 (size before relaxing)
 .rodata.str1.1
                0x08004320       0x11 /home/kwluo/Projects/Embeded/Cortex-M3/toolchain/gcc-arm-none-eabi-4_8-2014q1/bin/../lib/gcc/arm-none-eabi/4.8.3/../../../../arm-none-eabi/lib/armv7-m/libg_s.a(lib_a-svfprintf.o)
 .rodata.str1.1
                0x08004331      0x133 /home/kwluo/Projects/Embeded/Cortex-M3/toolchain/gcc-arm-none-eabi-4_8-2014q1/bin/../lib/gcc/arm-none-eabi/4.8.3/../../../../arm-none-eabi/lib/armv7-m/libg_s.a(lib_a-timelocal.o)
                                0x134 (size before relaxing)
 .rodata._C_time_locale
                0x08004464       0xfc /home/kwluo/Projects/Embeded/Cortex-M3/toolchain/gcc-arm-none-eabi-4_8-2014q1/bin/../lib/gcc/arm-none-eabi/4.8.3/../../../../arm-none-eabi/lib/armv7-m/libg_s.a(lib_a-timelocal.o)
 .rodata.str1.1
                0x08004560        0x4 /home/kwluo/Projects/Embeded/Cortex-M3/toolchain/gcc-arm-none-eabi-4_8-2014q1/bin/../lib/gcc/arm-none-eabi/4.8.3/../../../../arm-none-eabi/lib/armv7-m/libg_s.a(lib_a-tzvars.o)
 .rodata.str1.1
                0x08004564       0x22 /home/kwluo/Projects/Embeded/Cortex-M3/toolchain/gcc-arm-none-eabi-4_8-2014q1/bin/../lib/gcc/arm-none-eabi/4.8.3/../../../../arm-none-eabi/lib/armv7-m/libg_s.a(lib_a-vfprintf_i.o)
 .rodata._ctype_
                0x08004586      0x101 /home/kwluo/Projects/Embeded/Cortex-M3/toolchain/gcc-arm-none-eabi-4_8-2014q1/bin/../lib/gcc/arm-none-eabi/4.8.3/../../../../arm-none-eabi/lib/armv7-m/libg_s.a(lib_a-ctype_.o)
                0x08004586                _ctype_
 *(vtable)
 *(.eh_frame*)
 *(.glue_7)
 .glue_7        0x00000000        0x0 linker stubs
 *(.glue_7t)
 .glue_7t       0x00000000        0x0 linker stubs

.vfp11_veneer   0x08004688        0x0
 .vfp11_veneer  0x00000000        0x0 linker stubs

.v4_bx          0x08004688        0x0
 .v4_bx         0x00000000        0x0 linker stubs

.iplt           0x08004688        0x0
 .iplt          0x00000000        0x0 ./system/src/stm32f1-stdperiph/misc.o

.rel.dyn        0x08004688        0x0
 .rel.iplt      0x00000000        0x0 ./system/src/stm32f1-stdperiph/misc.o

.ARM.extab
 *(.ARM.extab* .gnu.linkonce.armextab.*)
                0x08004688                __exidx_start = .

.ARM.exidx
 *(.ARM.exidx* .gnu.linkonce.armexidx.*)
                0x08004688                __exidx_end = .
                0x08004688                . = ALIGN (0x4)
                0x08004688                _etext = .
                0x08004688                __etext = .
                0x08004688                _sidata = _etext

.data           0x20000000       0xec load address 0x08004688
                0x20000000                . = ALIGN (0x4)
                0x20000000                _sdata = .
                0x20000000                __data_start__ = .
 *(.data_begin .data_begin.*)
 *(.data .data.*)
 .data.ADCPrescTable
                0x20000000        0x4 ./system/src/stm32f1-stdperiph/stm32f10x_rcc.o
 .data.APBAHBPrescTable
                0x20000004       0x10 ./system/src/stm32f1-stdperiph/stm32f10x_rcc.o
 .data.argv.4458
                0x20000014        0x8 ./system/src/newlib/_syscalls.o
 .data.xNextTaskUnblockTime
                0x2000001c        0x4 ./system/src/freertos/src/tasks.o
 .data.xMinimumEverFreeBytesRemaining
                0x20000020        0x4 ./system/src/freertos/portable/heap_4.o
 .data.xFreeBytesRemaining
                0x20000024        0x4 ./system/src/freertos/portable/heap_4.o
 .data.uxCriticalNesting
                0x20000028        0x4 ./system/src/freertos/portable/port.o
 .data.SystemCoreClock
                0x2000002c        0x4 ./system/src/cmsis/system_stm32f10x.o
                0x2000002c                SystemCoreClock
 .data._ZZ27FreeRTOS_CLIRegisterCommandPK19xCOMMAND_LINE_INPUTE19pxLastCommandInList
                0x20000030        0x4 ./src/job/FreeRTOS_CLI.o
 .data._ZL19xRegisteredCommands
                0x20000034        0x8 ./src/job/FreeRTOS_CLI.o
 .data.impure_data
                0x2000003c       0x60 /home/kwluo/Projects/Embeded/Cortex-M3/toolchain/gcc-arm-none-eabi-4_8-2014q1/bin/../lib/gcc/arm-none-eabi/4.8.3/../../../../arm-none-eabi/lib/armv7-m/libg_s.a(lib_a-impure.o)
 .data._impure_ptr
                0x2000009c        0x4 /home/kwluo/Projects/Embeded/Cortex-M3/toolchain/gcc-arm-none-eabi-4_8-2014q1/bin/../lib/gcc/arm-none-eabi/4.8.3/../../../../arm-none-eabi/lib/armv7-m/libg_s.a(lib_a-impure.o)
                0x2000009c                _impure_ptr
 .data._tzname  0x200000a0        0x8 /home/kwluo/Projects/Embeded/Cortex-M3/toolchain/gcc-arm-none-eabi-4_8-2014q1/bin/../lib/gcc/arm-none-eabi/4.8.3/../../../../arm-none-eabi/lib/armv7-m/libg_s.a(lib_a-tzvars.o)
                0x200000a0                _tzname
 .data.__ctype_ptr__
                0x200000a8        0x4 /home/kwluo/Projects/Embeded/Cortex-M3/toolchain/gcc-arm-none-eabi-4_8-2014q1/bin/../lib/gcc/arm-none-eabi/4.8.3/../../../../arm-none-eabi/lib/armv7-m/libg_s.a(lib_a-ctype_.o)
                0x200000a8                __ctype_ptr__
 .data.tzinfo   0x200000ac       0x40 /home/kwluo/Projects/Embeded/Cortex-M3/toolchain/gcc-arm-none-eabi-4_8-2014q1/bin/../lib/gcc/arm-none-eabi/4.8.3/../../../../arm-none-eabi/lib/armv7-m/libg_s.a(lib_a-gettzinfo.o)
 *(.data_end .data_end.*)
                0x200000ec                . = ALIGN (0x4)
                0x200000ec                _edata = .
                0x200000ec                __data_end__ = .

.igot.plt       0x200000ec        0x0 load address 0x08004774
 .igot.plt      0x00000000        0x0 ./system/src/stm32f1-stdperiph/misc.o

.bss            0x200000ec     0x3f70 load address 0x08004774
                0x200000ec                . = ALIGN (0x4)
                0x200000ec                __bss_start__ = .
                0x200000ec                _sbss = .
 *(.bss_begin .bss_begin.*)
 *(.bss .bss.*)
 .bss.current_heap_end.4286
                0x200000ec        0x4 ./system/src/newlib/_sbrk.o
 .bss.name.4457
                0x200000f0        0x1 ./system/src/newlib/_syscalls.o
 *fill*         0x200000f1        0x3 
 .bss.xNumOfOverflows
                0x200000f4        0x4 ./system/src/freertos/src/tasks.o
 .bss.pxDelayedTaskList
                0x200000f8        0x4 ./system/src/freertos/src/tasks.o
 .bss.xSchedulerRunning
                0x200000fc        0x4 ./system/src/freertos/src/tasks.o
 .bss.uxTasksDeleted
                0x20000100        0x4 ./system/src/freertos/src/tasks.o
 .bss.xDelayedTaskList1
                0x20000104       0x14 ./system/src/freertos/src/tasks.o
 .bss.xDelayedTaskList2
                0x20000118       0x14 ./system/src/freertos/src/tasks.o
 .bss.uxPendedTicks
                0x2000012c        0x4 ./system/src/freertos/src/tasks.o
 .bss.pxReadyTasksLists
                0x20000130       0x3c ./system/src/freertos/src/tasks.o
 .bss.xTasksWaitingTermination
                0x2000016c       0x14 ./system/src/freertos/src/tasks.o
 .bss.pxCurrentTCB
                0x20000180        0x4 ./system/src/freertos/src/tasks.o
                0x20000180                pxCurrentTCB
 .bss.xPendingReadyList
                0x20000184       0x14 ./system/src/freertos/src/tasks.o
 .bss.uxSchedulerSuspended
                0x20000198        0x4 ./system/src/freertos/src/tasks.o
 .bss.xTickCount
                0x2000019c        0x4 ./system/src/freertos/src/tasks.o
 .bss.pxOverflowDelayedTaskList
                0x200001a0        0x4 ./system/src/freertos/src/tasks.o
 .bss.uxTaskNumber
                0x200001a4        0x4 ./system/src/freertos/src/tasks.o
 .bss.uxCurrentNumberOfTasks
                0x200001a8        0x4 ./system/src/freertos/src/tasks.o
 .bss.xSuspendedTaskList
                0x200001ac       0x14 ./system/src/freertos/src/tasks.o
 .bss.uxTopReadyPriority
                0x200001c0        0x4 ./system/src/freertos/src/tasks.o
 .bss.xYieldPending
                0x200001c4        0x4 ./system/src/freertos/src/tasks.o
 .bss.pxEnd     0x200001c8        0x4 ./system/src/freertos/portable/heap_4.o
 .bss.xStart    0x200001cc        0x8 ./system/src/freertos/portable/heap_4.o
 .bss.ucHeap    0x200001d4     0x3c00 ./system/src/freertos/portable/heap_4.o
 .bss.xBlockAllocatedBit
                0x20003dd4        0x4 ./system/src/freertos/portable/heap_4.o
 .bss._ZZ17USART1_IRQHandlerE24xHigherPriorityTaskWoken
                0x20003dd8        0x4 ./src/usart/usart.o
 .bss._ZZL14prvHelpCommandPcjPKcE9pxCommand
                0x20003ddc        0x4 ./src/job/FreeRTOS_CLI.o
 .bss._ZZ26FreeRTOS_CLIProcessCommandPKcPcjE9pxCommand
                0x20003de0        0x4 ./src/job/FreeRTOS_CLI.o
 .bss.CmdLStr   0x20003de4       0x32 ./src/job/job.o
                0x20003de4                CmdLStr
 .bss._ZZ19vCommandConsoleTaskPvE13pcInputString
                0x20003e16       0x32 ./src/job/job.o
 .bss._ZZ19vCommandConsoleTaskPvE14pcOutputString
                0x20003e48       0x64 ./src/job/job.o
 .bss.led1      0x20003eac       0x10 ./src/main.o
                0x20003eac                led1
 .bss.adc_tmpr  0x20003ebc       0x24 ./src/main.o
                0x20003ebc                adc_tmpr
 .bss.stm32rtc  0x20003ee0        0x4 ./src/main.o
                0x20003ee0                stm32rtc
 .bss.usart1    0x20003ee4       0x48 ./src/main.o
                0x20003ee4                usart1
 .bss.cmdQueue  0x20003f2c        0x4 ./src/main.o
                0x20003f2c                cmdQueue
 .bss.timer     0x20003f30        0x8 ./src/main.o
                0x20003f30                timer
 .bss.usart1rxQueue
                0x20003f38        0x4 ./src/main.o
                0x20003f38                usart1rxQueue
 .bss.led0      0x20003f3c       0x10 ./src/main.o
                0x20003f3c                led0
 .bss.__malloc_sbrk_start
                0x20003f4c        0x4 /home/kwluo/Projects/Embeded/Cortex-M3/toolchain/gcc-arm-none-eabi-4_8-2014q1/bin/../lib/gcc/arm-none-eabi/4.8.3/../../../../arm-none-eabi/lib/armv7-m/libg_s.a(lib_a-nano-mallocr.o)
                0x20003f4c                __malloc_sbrk_start
 .bss.__malloc_free_list
                0x20003f50        0x4 /home/kwluo/Projects/Embeded/Cortex-M3/toolchain/gcc-arm-none-eabi-4_8-2014q1/bin/../lib/gcc/arm-none-eabi/4.8.3/../../../../arm-none-eabi/lib/armv7-m/libg_s.a(lib_a-nano-mallocr.o)
                0x20003f50                __malloc_free_list
 .bss._time_using_locale
                0x20003f54        0x4 /home/kwluo/Projects/Embeded/Cortex-M3/toolchain/gcc-arm-none-eabi-4_8-2014q1/bin/../lib/gcc/arm-none-eabi/4.8.3/../../../../arm-none-eabi/lib/armv7-m/libg_s.a(lib_a-timelocal.o)
 .bss._time_locale
                0x20003f58       0xfc /home/kwluo/Projects/Embeded/Cortex-M3/toolchain/gcc-arm-none-eabi-4_8-2014q1/bin/../lib/gcc/arm-none-eabi/4.8.3/../../../../arm-none-eabi/lib/armv7-m/libg_s.a(lib_a-timelocal.o)
 .bss._daylight
                0x20004054        0x4 /home/kwluo/Projects/Embeded/Cortex-M3/toolchain/gcc-arm-none-eabi-4_8-2014q1/bin/../lib/gcc/arm-none-eabi/4.8.3/../../../../arm-none-eabi/lib/armv7-m/libg_s.a(lib_a-tzvars.o)
                0x20004054                _daylight
 *(COMMON)
 COMMON         0x20004058        0x4 ./system/src/newlib/_syscalls.o
                0x20004058                errno
 *(.bss_end .bss_end.*)
                0x2000405c                . = ALIGN (0x4)
                0x2000405c                __bss_end__ = .
                0x2000405c                _ebss = .

.noinit         0x2000405c        0x0
                0x2000405c                . = ALIGN (0x4)
                0x2000405c                _noinit = .
 *(.noinit .noinit.*)
                0x2000405c                . = ALIGN (0x4)
                0x2000405c                _end_noinit = .
                0x2000405c                PROVIDE (end, _end_noinit)
                0x2000405c                PROVIDE (_end, _end_noinit)
                0x2000405c                PROVIDE (__end, _end_noinit)
                0x2000405c                PROVIDE (__end__, _end_noinit)

._check_stack   0x2000405c      0x100 load address 0x080086e4
                0x2000405c                . = ALIGN (0x4)
                0x2000415c                . = (. + _Minimum_Stack_Size)
 *fill*         0x2000405c      0x100 
                0x2000415c                . = ALIGN (0x4)

.bss_CCMRAM
 *(.bss.CCMRAM .bss.CCMRAM.*)

.b1text
 *(.b1text)
 *(.b1rodata)
 *(.b1rodata.*)

.eb0text
 *(.eb0text)
 *(.eb0rodata)
 *(.eb0rodata.*)

.eb1text
 *(.eb1text)
 *(.eb1rodata)
 *(.eb1rodata.*)

.eb2text
 *(.eb2text)
 *(.eb2rodata)
 *(.eb2rodata.*)

.eb3text
 *(.eb3text)
 *(.eb3rodata)
 *(.eb3rodata.*)

.stab
 *(.stab)

.stabstr
 *(.stabstr)

.stab.excl
 *(.stab.excl)

.stab.exclstr
 *(.stab.exclstr)

.stab.index
 *(.stab.index)

.stab.indexstr
 *(.stab.indexstr)

.comment        0x00000000       0x70
 *(.comment)
 .comment       0x00000000       0x70 ./system/src/stm32f1-stdperiph/misc.o
                                 0x71 (size before relaxing)
 .comment       0x00000000       0x71 ./system/src/stm32f1-stdperiph/stm32f10x_adc.o
 .comment       0x00000000       0x71 ./system/src/stm32f1-stdperiph/stm32f10x_bkp.o
 .comment       0x00000000       0x71 ./system/src/stm32f1-stdperiph/stm32f10x_gpio.o
 .comment       0x00000000       0x71 ./system/src/stm32f1-stdperiph/stm32f10x_pwr.o
 .comment       0x00000000       0x71 ./system/src/stm32f1-stdperiph/stm32f10x_rcc.o
 .comment       0x00000000       0x71 ./system/src/stm32f1-stdperiph/stm32f10x_rtc.o
 .comment       0x00000000       0x71 ./system/src/stm32f1-stdperiph/stm32f10x_usart.o
 .comment       0x00000000       0x71 ./system/src/newlib/_exit.o
 .comment       0x00000000       0x71 ./system/src/newlib/_sbrk.o
 .comment       0x00000000       0x71 ./system/src/newlib/_startup.o
 .comment       0x00000000       0x71 ./system/src/newlib/_syscalls.o
 .comment       0x00000000       0x71 ./system/src/freertos/src/list.o
 .comment       0x00000000       0x71 ./system/src/freertos/src/queue.o
 .comment       0x00000000       0x71 ./system/src/freertos/src/tasks.o
 .comment       0x00000000       0x71 ./system/src/freertos/portable/heap_4.o
 .comment       0x00000000       0x71 ./system/src/freertos/portable/port.o
 .comment       0x00000000       0x71 ./system/src/cortexm/_initialize_hardware.o
 .comment       0x00000000       0x71 ./system/src/cortexm/_reset_hardware.o
 .comment       0x00000000       0x71 ./system/src/cortexm/exception_handlers.o
 .comment       0x00000000       0x71 ./system/src/cmsis/system_stm32f10x.o
 .comment       0x00000000       0x71 ./system/src/cmsis/vectors_stm32f10x.o
 .comment       0x00000000       0x71 ./src/usart/usart.o
 .comment       0x00000000       0x71 ./src/rtc/rtc.o
 .comment       0x00000000       0x71 ./src/led/led.o
 .comment       0x00000000       0x71 ./src/job/FreeRTOS_CLI.o
 .comment       0x00000000       0x71 ./src/job/job.o
 .comment       0x00000000       0x71 ./src/dwt/dwt.o
 .comment       0x00000000       0x71 ./src/adc/adc.o
 .comment       0x00000000       0x71 ./src/main.o

.ARM.attributes
                0x00000000       0x31
 .ARM.attributes
                0x00000000       0x33 ./system/src/stm32f1-stdperiph/misc.o
 .ARM.attributes
                0x00000033       0x33 ./system/src/stm32f1-stdperiph/stm32f10x_adc.o
 .ARM.attributes
                0x00000066       0x33 ./system/src/stm32f1-stdperiph/stm32f10x_bkp.o
 .ARM.attributes
                0x00000099       0x33 ./system/src/stm32f1-stdperiph/stm32f10x_gpio.o
 .ARM.attributes
                0x000000cc       0x33 ./system/src/stm32f1-stdperiph/stm32f10x_pwr.o
 .ARM.attributes
                0x000000ff       0x33 ./system/src/stm32f1-stdperiph/stm32f10x_rcc.o
 .ARM.attributes
                0x00000132       0x33 ./system/src/stm32f1-stdperiph/stm32f10x_rtc.o
 .ARM.attributes
                0x00000165       0x33 ./system/src/stm32f1-stdperiph/stm32f10x_usart.o
 .ARM.attributes
                0x00000198       0x33 ./system/src/newlib/_exit.o
 .ARM.attributes
                0x000001cb       0x33 ./system/src/newlib/_sbrk.o
 .ARM.attributes
                0x000001fe       0x33 ./system/src/newlib/_startup.o
 .ARM.attributes
                0x00000231       0x33 ./system/src/newlib/_syscalls.o
 .ARM.attributes
                0x00000264       0x33 ./system/src/freertos/src/list.o
 .ARM.attributes
                0x00000297       0x33 ./system/src/freertos/src/queue.o
 .ARM.attributes
                0x000002ca       0x33 ./system/src/freertos/src/tasks.o
 .ARM.attributes
                0x000002fd       0x33 ./system/src/freertos/portable/heap_4.o
 .ARM.attributes
                0x00000330       0x33 ./system/src/freertos/portable/port.o
 .ARM.attributes
                0x00000363       0x33 ./system/src/cortexm/_initialize_hardware.o
 .ARM.attributes
                0x00000396       0x33 ./system/src/cortexm/_reset_hardware.o
 .ARM.attributes
                0x000003c9       0x33 ./system/src/cortexm/exception_handlers.o
 .ARM.attributes
                0x000003fc       0x33 ./system/src/cmsis/system_stm32f10x.o
 .ARM.attributes
                0x0000042f       0x33 ./system/src/cmsis/vectors_stm32f10x.o
 .ARM.attributes
                0x00000462       0x33 ./src/usart/usart.o
 .ARM.attributes
                0x00000495       0x33 ./src/rtc/rtc.o
 .ARM.attributes
                0x000004c8       0x33 ./src/led/led.o
 .ARM.attributes
                0x000004fb       0x33 ./src/job/FreeRTOS_CLI.o
 .ARM.attributes
                0x0000052e       0x33 ./src/job/job.o
 .ARM.attributes
                0x00000561       0x33 ./src/dwt/dwt.o
 .ARM.attributes
                0x00000594       0x33 ./src/adc/adc.o
 .ARM.attributes
                0x000005c7       0x33 ./src/main.o
 .ARM.attributes
                0x000005fa       0x2d /home/kwluo/Projects/Embeded/Cortex-M3/toolchain/gcc-arm-none-eabi-4_8-2014q1/bin/../lib/gcc/arm-none-eabi/4.8.3/../../../../arm-none-eabi/lib/armv7-m/libg_s.a(lib_a-errno.o)
 .ARM.attributes
                0x00000627       0x2d /home/kwluo/Projects/Embeded/Cortex-M3/toolchain/gcc-arm-none-eabi-4_8-2014q1/bin/../lib/gcc/arm-none-eabi/4.8.3/../../../../arm-none-eabi/lib/armv7-m/libg_s.a(lib_a-gmtime.o)
 .ARM.attributes
                0x00000654       0x2d /home/kwluo/Projects/Embeded/Cortex-M3/toolchain/gcc-arm-none-eabi-4_8-2014q1/bin/../lib/gcc/arm-none-eabi/4.8.3/../../../../arm-none-eabi/lib/armv7-m/libg_s.a(lib_a-gmtime_r.o)
 .ARM.attributes
                0x00000681       0x2d /home/kwluo/Projects/Embeded/Cortex-M3/toolchain/gcc-arm-none-eabi-4_8-2014q1/bin/../lib/gcc/arm-none-eabi/4.8.3/../../../../arm-none-eabi/lib/armv7-m/libg_s.a(lib_a-impure.o)
 .ARM.attributes
                0x000006ae       0x2d /home/kwluo/Projects/Embeded/Cortex-M3/toolchain/gcc-arm-none-eabi-4_8-2014q1/bin/../lib/gcc/arm-none-eabi/4.8.3/../../../../arm-none-eabi/lib/armv7-m/libg_s.a(lib_a-malloc.o)
 .ARM.attributes
                0x000006db       0x2d /home/kwluo/Projects/Embeded/Cortex-M3/toolchain/gcc-arm-none-eabi-4_8-2014q1/bin/../lib/gcc/arm-none-eabi/4.8.3/../../../../arm-none-eabi/lib/armv7-m/libg_s.a(lib_a-memcmp.o)
 .ARM.attributes
                0x00000708       0x2d /home/kwluo/Projects/Embeded/Cortex-M3/toolchain/gcc-arm-none-eabi-4_8-2014q1/bin/../lib/gcc/arm-none-eabi/4.8.3/../../../../arm-none-eabi/lib/armv7-m/libg_s.a(lib_a-memcpy-stub.o)
 .ARM.attributes
                0x00000735       0x2d /home/kwluo/Projects/Embeded/Cortex-M3/toolchain/gcc-arm-none-eabi-4_8-2014q1/bin/../lib/gcc/arm-none-eabi/4.8.3/../../../../arm-none-eabi/lib/armv7-m/libg_s.a(lib_a-memset.o)
 .ARM.attributes
                0x00000762       0x2d /home/kwluo/Projects/Embeded/Cortex-M3/toolchain/gcc-arm-none-eabi-4_8-2014q1/bin/../lib/gcc/arm-none-eabi/4.8.3/../../../../arm-none-eabi/lib/armv7-m/libg_s.a(lib_a-mktm_r.o)
 .ARM.attributes
                0x0000078f       0x2d /home/kwluo/Projects/Embeded/Cortex-M3/toolchain/gcc-arm-none-eabi-4_8-2014q1/bin/../lib/gcc/arm-none-eabi/4.8.3/../../../../arm-none-eabi/lib/armv7-m/libg_s.a(lib_a-nano-freer.o)
 .ARM.attributes
                0x000007bc       0x2d /home/kwluo/Projects/Embeded/Cortex-M3/toolchain/gcc-arm-none-eabi-4_8-2014q1/bin/../lib/gcc/arm-none-eabi/4.8.3/../../../../arm-none-eabi/lib/armv7-m/libg_s.a(lib_a-nano-mallocr.o)
 .ARM.attributes
                0x000007e9       0x2d /home/kwluo/Projects/Embeded/Cortex-M3/toolchain/gcc-arm-none-eabi-4_8-2014q1/bin/../lib/gcc/arm-none-eabi/4.8.3/../../../../arm-none-eabi/lib/armv7-m/libg_s.a(lib_a-sbrkr.o)
 .ARM.attributes
                0x00000816       0x2d /home/kwluo/Projects/Embeded/Cortex-M3/toolchain/gcc-arm-none-eabi-4_8-2014q1/bin/../lib/gcc/arm-none-eabi/4.8.3/../../../../arm-none-eabi/lib/armv7-m/libg_s.a(lib_a-sprintf.o)
 .ARM.attributes
                0x00000843       0x2d /home/kwluo/Projects/Embeded/Cortex-M3/toolchain/gcc-arm-none-eabi-4_8-2014q1/bin/../lib/gcc/arm-none-eabi/4.8.3/../../../../arm-none-eabi/lib/armv7-m/libg_s.a(lib_a-strcat.o)
 .ARM.attributes
                0x00000870       0x1b /home/kwluo/Projects/Embeded/Cortex-M3/toolchain/gcc-arm-none-eabi-4_8-2014q1/bin/../lib/gcc/arm-none-eabi/4.8.3/../../../../arm-none-eabi/lib/armv7-m/libg_s.a(lib_a-strcmp.o)
 .ARM.attributes
                0x0000088b       0x2d /home/kwluo/Projects/Embeded/Cortex-M3/toolchain/gcc-arm-none-eabi-4_8-2014q1/bin/../lib/gcc/arm-none-eabi/4.8.3/../../../../arm-none-eabi/lib/armv7-m/libg_s.a(lib_a-strcpy.o)
 .ARM.attributes
                0x000008b8       0x2d /home/kwluo/Projects/Embeded/Cortex-M3/toolchain/gcc-arm-none-eabi-4_8-2014q1/bin/../lib/gcc/arm-none-eabi/4.8.3/../../../../arm-none-eabi/lib/armv7-m/libg_s.a(lib_a-strftime.o)
 .ARM.attributes
                0x000008e5       0x2d /home/kwluo/Projects/Embeded/Cortex-M3/toolchain/gcc-arm-none-eabi-4_8-2014q1/bin/../lib/gcc/arm-none-eabi/4.8.3/../../../../arm-none-eabi/lib/armv7-m/libg_s.a(lib_a-strlen.o)
 .ARM.attributes
                0x00000912       0x2d /home/kwluo/Projects/Embeded/Cortex-M3/toolchain/gcc-arm-none-eabi-4_8-2014q1/bin/../lib/gcc/arm-none-eabi/4.8.3/../../../../arm-none-eabi/lib/armv7-m/libg_s.a(lib_a-strncmp.o)
 .ARM.attributes
                0x0000093f       0x2d /home/kwluo/Projects/Embeded/Cortex-M3/toolchain/gcc-arm-none-eabi-4_8-2014q1/bin/../lib/gcc/arm-none-eabi/4.8.3/../../../../arm-none-eabi/lib/armv7-m/libg_s.a(lib_a-strncpy.o)
 .ARM.attributes
                0x0000096c       0x2d /home/kwluo/Projects/Embeded/Cortex-M3/toolchain/gcc-arm-none-eabi-4_8-2014q1/bin/../lib/gcc/arm-none-eabi/4.8.3/../../../../arm-none-eabi/lib/armv7-m/libg_s.a(lib_a-strtok.o)
 .ARM.attributes
                0x00000999       0x2d /home/kwluo/Projects/Embeded/Cortex-M3/toolchain/gcc-arm-none-eabi-4_8-2014q1/bin/../lib/gcc/arm-none-eabi/4.8.3/../../../../arm-none-eabi/lib/armv7-m/libg_s.a(lib_a-strtok_r.o)
 .ARM.attributes
                0x000009c6       0x2d /home/kwluo/Projects/Embeded/Cortex-M3/toolchain/gcc-arm-none-eabi-4_8-2014q1/bin/../lib/gcc/arm-none-eabi/4.8.3/../../../../arm-none-eabi/lib/armv7-m/libg_s.a(lib_a-strtoul.o)
 .ARM.attributes
                0x000009f3       0x2d /home/kwluo/Projects/Embeded/Cortex-M3/toolchain/gcc-arm-none-eabi-4_8-2014q1/bin/../lib/gcc/arm-none-eabi/4.8.3/../../../../arm-none-eabi/lib/armv7-m/libg_s.a(lib_a-svfprintf.o)
 .ARM.attributes
                0x00000a20       0x2d /home/kwluo/Projects/Embeded/Cortex-M3/toolchain/gcc-arm-none-eabi-4_8-2014q1/bin/../lib/gcc/arm-none-eabi/4.8.3/../../../../arm-none-eabi/lib/armv7-m/libg_s.a(lib_a-timelocal.o)
 .ARM.attributes
                0x00000a4d       0x2d /home/kwluo/Projects/Embeded/Cortex-M3/toolchain/gcc-arm-none-eabi-4_8-2014q1/bin/../lib/gcc/arm-none-eabi/4.8.3/../../../../arm-none-eabi/lib/armv7-m/libg_s.a(lib_a-tzlock.o)
 .ARM.attributes
                0x00000a7a       0x2d /home/kwluo/Projects/Embeded/Cortex-M3/toolchain/gcc-arm-none-eabi-4_8-2014q1/bin/../lib/gcc/arm-none-eabi/4.8.3/../../../../arm-none-eabi/lib/armv7-m/libg_s.a(lib_a-tzvars.o)
 .ARM.attributes
                0x00000aa7       0x2d /home/kwluo/Projects/Embeded/Cortex-M3/toolchain/gcc-arm-none-eabi-4_8-2014q1/bin/../lib/gcc/arm-none-eabi/4.8.3/../../../../arm-none-eabi/lib/armv7-m/libg_s.a(lib_a-vfprintf_i.o)
 .ARM.attributes
                0x00000ad4       0x2d /home/kwluo/Projects/Embeded/Cortex-M3/toolchain/gcc-arm-none-eabi-4_8-2014q1/bin/../lib/gcc/arm-none-eabi/4.8.3/../../../../arm-none-eabi/lib/armv7-m/libg_s.a(lib_a-vsnprintf.o)
 .ARM.attributes
                0x00000b01       0x2d /home/kwluo/Projects/Embeded/Cortex-M3/toolchain/gcc-arm-none-eabi-4_8-2014q1/bin/../lib/gcc/arm-none-eabi/4.8.3/../../../../arm-none-eabi/lib/armv7-m/libg_s.a(lib_a-abs.o)
 .ARM.attributes
                0x00000b2e       0x2d /home/kwluo/Projects/Embeded/Cortex-M3/toolchain/gcc-arm-none-eabi-4_8-2014q1/bin/../lib/gcc/arm-none-eabi/4.8.3/../../../../arm-none-eabi/lib/armv7-m/libg_s.a(lib_a-ctype_.o)
 .ARM.attributes
                0x00000b5b       0x2d /home/kwluo/Projects/Embeded/Cortex-M3/toolchain/gcc-arm-none-eabi-4_8-2014q1/bin/../lib/gcc/arm-none-eabi/4.8.3/../../../../arm-none-eabi/lib/armv7-m/libg_s.a(lib_a-gettzinfo.o)
 .ARM.attributes
                0x00000b88       0x2d /home/kwluo/Projects/Embeded/Cortex-M3/toolchain/gcc-arm-none-eabi-4_8-2014q1/bin/../lib/gcc/arm-none-eabi/4.8.3/../../../../arm-none-eabi/lib/armv7-m/libg_s.a(lib_a-labs.o)
 .ARM.attributes
                0x00000bb5       0x2d /home/kwluo/Projects/Embeded/Cortex-M3/toolchain/gcc-arm-none-eabi-4_8-2014q1/bin/../lib/gcc/arm-none-eabi/4.8.3/../../../../arm-none-eabi/lib/armv7-m/libg_s.a(lib_a-memchr-stub.o)
 .ARM.attributes
                0x00000be2       0x2d /home/kwluo/Projects/Embeded/Cortex-M3/toolchain/gcc-arm-none-eabi-4_8-2014q1/bin/../lib/gcc/arm-none-eabi/4.8.3/../../../../arm-none-eabi/lib/armv7-m/libg_s.a(lib_a-memmove.o)
 .ARM.attributes
                0x00000c0f       0x2d /home/kwluo/Projects/Embeded/Cortex-M3/toolchain/gcc-arm-none-eabi-4_8-2014q1/bin/../lib/gcc/arm-none-eabi/4.8.3/../../../../arm-none-eabi/lib/armv7-m/libg_s.a(lib_a-nano-reallocr.o)
 .ARM.attributes
                0x00000c3c       0x2d /home/kwluo/Projects/Embeded/Cortex-M3/toolchain/gcc-arm-none-eabi-4_8-2014q1/bin/../lib/gcc/arm-none-eabi/4.8.3/../../../../arm-none-eabi/lib/armv7-m/libg_s.a(lib_a-snprintf.o)
 .ARM.attributes
                0x00000c69       0x2d /home/kwluo/Projects/Embeded/Cortex-M3/toolchain/gcc-arm-none-eabi-4_8-2014q1/bin/../lib/gcc/arm-none-eabi/4.8.3/../../../../arm-none-eabi/lib/armv7-m/libg_s.a(lib_a-nano-msizer.o)

.debug
 *(.debug)

.line
 *(.line)

.debug_srcinfo
 *(.debug_srcinfo)

.debug_sfnames
 *(.debug_sfnames)

.debug_aranges  0x00000000      0xd08
 *(.debug_aranges)
 .debug_aranges
                0x00000000       0x40 ./system/src/stm32f1-stdperiph/misc.o
 .debug_aranges
                0x00000040      0x138 ./system/src/stm32f1-stdperiph/stm32f10x_adc.o
 .debug_aranges
                0x00000178       0x78 ./system/src/stm32f1-stdperiph/stm32f10x_bkp.o
 .debug_aranges
                0x000001f0       0xa8 ./system/src/stm32f1-stdperiph/stm32f10x_gpio.o
 .debug_aranges
                0x00000298       0x60 ./system/src/stm32f1-stdperiph/stm32f10x_pwr.o
 .debug_aranges
                0x000002f8      0x118 ./system/src/stm32f1-stdperiph/stm32f10x_rcc.o
 .debug_aranges
                0x00000410       0x88 ./system/src/stm32f1-stdperiph/stm32f10x_rtc.o
 .debug_aranges
                0x00000498      0x100 ./system/src/stm32f1-stdperiph/stm32f10x_usart.o
 .debug_aranges
                0x00000598       0x28 ./system/src/newlib/_exit.o
 .debug_aranges
                0x000005c0       0x20 ./system/src/newlib/_sbrk.o
 .debug_aranges
                0x000005e0       0x40 ./system/src/newlib/_startup.o
 .debug_aranges
                0x00000620       0xd0 ./system/src/newlib/_syscalls.o
 .debug_aranges
                0x000006f0       0x40 ./system/src/freertos/src/list.o
 .debug_aranges
                0x00000730       0xd0 ./system/src/freertos/src/queue.o
 .debug_aranges
                0x00000800      0x140 ./system/src/freertos/src/tasks.o
 .debug_aranges
                0x00000940       0x48 ./system/src/freertos/portable/heap_4.o
 .debug_aranges
                0x00000988       0x88 ./system/src/freertos/portable/port.o
 .debug_aranges
                0x00000a10       0x20 ./system/src/cortexm/_initialize_hardware.o
 .debug_aranges
                0x00000a30       0x20 ./system/src/cortexm/_reset_hardware.o
 .debug_aranges
                0x00000a50       0x68 ./system/src/cortexm/exception_handlers.o
 .debug_aranges
                0x00000ab8       0x28 ./system/src/cmsis/system_stm32f10x.o
 .debug_aranges
                0x00000ae0       0x20 ./system/src/cmsis/vectors_stm32f10x.o
 .debug_aranges
                0x00000b00       0x58 ./src/usart/usart.o
 .debug_aranges
                0x00000b58       0x30 ./src/rtc/rtc.o
 .debug_aranges
                0x00000b88       0x38 ./src/led/led.o
 .debug_aranges
                0x00000bc0       0x40 ./src/job/FreeRTOS_CLI.o
 .debug_aranges
                0x00000c00       0x58 ./src/job/job.o
 .debug_aranges
                0x00000c58       0x40 ./src/dwt/dwt.o
 .debug_aranges
                0x00000c98       0x30 ./src/adc/adc.o
 .debug_aranges
                0x00000cc8       0x40 ./src/main.o

.debug_pubnames
 *(.debug_pubnames)

.debug_info     0x00000000     0xeade
 *(.debug_info .gnu.linkonce.wi.*)
 .debug_info    0x00000000      0x545 ./system/src/stm32f1-stdperiph/misc.o
 .debug_info    0x00000545      0xbef ./system/src/stm32f1-stdperiph/stm32f10x_adc.o
 .debug_info    0x00001134      0x7d9 ./system/src/stm32f1-stdperiph/stm32f10x_bkp.o
 .debug_info    0x0000190d      0x7f1 ./system/src/stm32f1-stdperiph/stm32f10x_gpio.o
 .debug_info    0x000020fe      0x4d1 ./system/src/stm32f1-stdperiph/stm32f10x_pwr.o
 .debug_info    0x000025cf      0x8c5 ./system/src/stm32f1-stdperiph/stm32f10x_rcc.o
 .debug_info    0x00002e94      0x47a ./system/src/stm32f1-stdperiph/stm32f10x_rtc.o
 .debug_info    0x0000330e      0xae9 ./system/src/stm32f1-stdperiph/stm32f10x_usart.o
 .debug_info    0x00003df7      0x100 ./system/src/newlib/_exit.o
 .debug_info    0x00003ef7      0x121 ./system/src/newlib/_sbrk.o
 .debug_info    0x00004018      0x406 ./system/src/newlib/_startup.o
 .debug_info    0x0000441e      0x8ef ./system/src/newlib/_syscalls.o
 .debug_info    0x00004d0d      0x29f ./system/src/freertos/src/list.o
 .debug_info    0x00004fac     0x1207 ./system/src/freertos/src/queue.o
 .debug_info    0x000061b3     0x1ce3 ./system/src/freertos/src/tasks.o
 .debug_info    0x00007e96      0x3f9 ./system/src/freertos/portable/heap_4.o
 .debug_info    0x0000828f      0x2d7 ./system/src/freertos/portable/port.o
 .debug_info    0x00008566       0xc0 ./system/src/cortexm/_initialize_hardware.o
 .debug_info    0x00008626      0x2b2 ./system/src/cortexm/_reset_hardware.o
 .debug_info    0x000088d8       0xd0 ./system/src/cortexm/exception_handlers.o
 .debug_info    0x000089a8      0x4a5 ./system/src/cmsis/system_stm32f10x.o
 .debug_info    0x00008e4d       0x8e ./system/src/cmsis/vectors_stm32f10x.o
 .debug_info    0x00008edb     0x10a6 ./src/usart/usart.o
 .debug_info    0x00009f81      0xa0e ./src/rtc/rtc.o
 .debug_info    0x0000a98f      0x503 ./src/led/led.o
 .debug_info    0x0000ae92      0x56e ./src/job/FreeRTOS_CLI.o
 .debug_info    0x0000b400     0x14e4 ./src/job/job.o
 .debug_info    0x0000c8e4      0x7cb ./src/dwt/dwt.o
 .debug_info    0x0000d0af      0x799 ./src/adc/adc.o
 .debug_info    0x0000d848     0x1296 ./src/main.o

.debug_abbrev   0x00000000     0x381a
 *(.debug_abbrev)
 .debug_abbrev  0x00000000      0x156 ./system/src/stm32f1-stdperiph/misc.o
 .debug_abbrev  0x00000156      0x1dd ./system/src/stm32f1-stdperiph/stm32f10x_adc.o
 .debug_abbrev  0x00000333      0x1aa ./system/src/stm32f1-stdperiph/stm32f10x_bkp.o
 .debug_abbrev  0x000004dd      0x1f5 ./system/src/stm32f1-stdperiph/stm32f10x_gpio.o
 .debug_abbrev  0x000006d2      0x1b7 ./system/src/stm32f1-stdperiph/stm32f10x_pwr.o
 .debug_abbrev  0x00000889      0x1e2 ./system/src/stm32f1-stdperiph/stm32f10x_rcc.o
 .debug_abbrev  0x00000a6b      0x18e ./system/src/stm32f1-stdperiph/stm32f10x_rtc.o
 .debug_abbrev  0x00000bf9      0x1fa ./system/src/stm32f1-stdperiph/stm32f10x_usart.o
 .debug_abbrev  0x00000df3       0xb8 ./system/src/newlib/_exit.o
 .debug_abbrev  0x00000eab       0xb8 ./system/src/newlib/_sbrk.o
 .debug_abbrev  0x00000f63      0x1c3 ./system/src/newlib/_startup.o
 .debug_abbrev  0x00001126      0x175 ./system/src/newlib/_syscalls.o
 .debug_abbrev  0x0000129b       0xdc ./system/src/freertos/src/list.o
 .debug_abbrev  0x00001377      0x2a8 ./system/src/freertos/src/queue.o
 .debug_abbrev  0x0000161f      0x370 ./system/src/freertos/src/tasks.o
 .debug_abbrev  0x0000198f      0x21c ./system/src/freertos/portable/heap_4.o
 .debug_abbrev  0x00001bab      0x1bd ./system/src/freertos/portable/port.o
 .debug_abbrev  0x00001d68       0x88 ./system/src/cortexm/_initialize_hardware.o
 .debug_abbrev  0x00001df0       0xe7 ./system/src/cortexm/_reset_hardware.o
 .debug_abbrev  0x00001ed7       0x2c ./system/src/cortexm/exception_handlers.o
 .debug_abbrev  0x00001f03      0x16e ./system/src/cmsis/system_stm32f10x.o
 .debug_abbrev  0x00002071       0x8f ./system/src/cmsis/vectors_stm32f10x.o
 .debug_abbrev  0x00002100      0x34a ./src/usart/usart.o
 .debug_abbrev  0x0000244a      0x2bb ./src/rtc/rtc.o
 .debug_abbrev  0x00002705      0x1eb ./src/led/led.o
 .debug_abbrev  0x000028f0      0x23e ./src/job/FreeRTOS_CLI.o
 .debug_abbrev  0x00002b2e      0x3ef ./src/job/job.o
 .debug_abbrev  0x00002f1d      0x2ab ./src/dwt/dwt.o
 .debug_abbrev  0x000031c8      0x26f ./src/adc/adc.o
 .debug_abbrev  0x00003437      0x3e3 ./src/main.o

.debug_line     0x00000000     0x5846
 *(.debug_line)
 .debug_line    0x00000000      0x20c ./system/src/stm32f1-stdperiph/misc.o
 .debug_line    0x0000020c      0x4f6 ./system/src/stm32f1-stdperiph/stm32f10x_adc.o
 .debug_line    0x00000702      0x284 ./system/src/stm32f1-stdperiph/stm32f10x_bkp.o
 .debug_line    0x00000986      0x376 ./system/src/stm32f1-stdperiph/stm32f10x_gpio.o
 .debug_line    0x00000cfc      0x279 ./system/src/stm32f1-stdperiph/stm32f10x_pwr.o
 .debug_line    0x00000f75      0x448 ./system/src/stm32f1-stdperiph/stm32f10x_rcc.o
 .debug_line    0x000013bd      0x29b ./system/src/stm32f1-stdperiph/stm32f10x_rtc.o
 .debug_line    0x00001658      0x485 ./system/src/stm32f1-stdperiph/stm32f10x_usart.o
 .debug_line    0x00001add      0x15f ./system/src/newlib/_exit.o
 .debug_line    0x00001c3c       0xd6 ./system/src/newlib/_sbrk.o
 .debug_line    0x00001d12      0x103 ./system/src/newlib/_startup.o
 .debug_line    0x00001e15      0x377 ./system/src/newlib/_syscalls.o
 .debug_line    0x0000218c      0x209 ./system/src/freertos/src/list.o
 .debug_line    0x00002395      0x54b ./system/src/freertos/src/queue.o
 .debug_line    0x000028e0      0x857 ./system/src/freertos/src/tasks.o
 .debug_line    0x00003137      0x2fe ./system/src/freertos/portable/heap_4.o
 .debug_line    0x00003435      0x2b2 ./system/src/freertos/portable/port.o
 .debug_line    0x000036e7      0x185 ./system/src/cortexm/_initialize_hardware.o
 .debug_line    0x0000386c      0x18e ./system/src/cortexm/_reset_hardware.o
 .debug_line    0x000039fa       0x6d ./system/src/cortexm/exception_handlers.o
 .debug_line    0x00003a67      0x1c9 ./system/src/cmsis/system_stm32f10x.o
 .debug_line    0x00003c30       0x58 ./system/src/cmsis/vectors_stm32f10x.o
 .debug_line    0x00003c88      0x402 ./src/usart/usart.o
 .debug_line    0x0000408a      0x43b ./src/rtc/rtc.o
 .debug_line    0x000044c5      0x1fd ./src/led/led.o
 .debug_line    0x000046c2      0x305 ./src/job/FreeRTOS_CLI.o
 .debug_line    0x000049c7      0x4de ./src/job/job.o
 .debug_line    0x00004ea5      0x278 ./src/dwt/dwt.o
 .debug_line    0x0000511d      0x29f ./src/adc/adc.o
 .debug_line    0x000053bc      0x48a ./src/main.o

.debug_frame    0x00000000     0x2350
 *(.debug_frame)
 .debug_frame   0x00000000       0x68 ./system/src/stm32f1-stdperiph/misc.o
 .debug_frame   0x00000068      0x280 ./system/src/stm32f1-stdperiph/stm32f10x_adc.o
 .debug_frame   0x000002e8       0xe0 ./system/src/stm32f1-stdperiph/stm32f10x_bkp.o
 .debug_frame   0x000003c8      0x164 ./system/src/stm32f1-stdperiph/stm32f10x_gpio.o
 .debug_frame   0x0000052c       0xa8 ./system/src/stm32f1-stdperiph/stm32f10x_pwr.o
 .debug_frame   0x000005d4      0x224 ./system/src/stm32f1-stdperiph/stm32f10x_rcc.o
 .debug_frame   0x000007f8      0x108 ./system/src/stm32f1-stdperiph/stm32f10x_rtc.o
 .debug_frame   0x00000900      0x20c ./system/src/stm32f1-stdperiph/stm32f10x_usart.o
 .debug_frame   0x00000b0c       0x40 ./system/src/newlib/_exit.o
 .debug_frame   0x00000b4c       0x28 ./system/src/newlib/_sbrk.o
 .debug_frame   0x00000b74       0x84 ./system/src/newlib/_startup.o
 .debug_frame   0x00000bf8      0x230 ./system/src/newlib/_syscalls.o
 .debug_frame   0x00000e28       0x6c ./system/src/freertos/src/list.o
 .debug_frame   0x00000e94      0x260 ./system/src/freertos/src/queue.o
 .debug_frame   0x000010f4      0x3b4 ./system/src/freertos/src/tasks.o
 .debug_frame   0x000014a8       0x90 ./system/src/freertos/portable/heap_4.o
 .debug_frame   0x00001538      0x110 ./system/src/freertos/portable/port.o
 .debug_frame   0x00001648       0x20 ./system/src/cortexm/_initialize_hardware.o
 .debug_frame   0x00001668       0x20 ./system/src/cortexm/_reset_hardware.o
 .debug_frame   0x00001688       0xb0 ./system/src/cortexm/exception_handlers.o
 .debug_frame   0x00001738       0x34 ./system/src/cmsis/system_stm32f10x.o
 .debug_frame   0x0000176c       0x20 ./system/src/cmsis/vectors_stm32f10x.o
 .debug_frame   0x0000178c       0xf4 ./src/usart/usart.o
 .debug_frame   0x00001880       0x64 ./src/rtc/rtc.o
 .debug_frame   0x000018e4       0x68 ./src/led/led.o
 .debug_frame   0x0000194c       0x98 ./src/job/FreeRTOS_CLI.o
 .debug_frame   0x000019e4       0xe0 ./src/job/job.o
 .debug_frame   0x00001ac4       0x70 ./src/dwt/dwt.o
 .debug_frame   0x00001b34       0x6c ./src/adc/adc.o
 .debug_frame   0x00001ba0       0x98 ./src/main.o
 .debug_frame   0x00001c38       0x20 /home/kwluo/Projects/Embeded/Cortex-M3/toolchain/gcc-arm-none-eabi-4_8-2014q1/bin/../lib/gcc/arm-none-eabi/4.8.3/../../../../arm-none-eabi/lib/armv7-m/libg_s.a(lib_a-errno.o)
 .debug_frame   0x00001c58       0x2c /home/kwluo/Projects/Embeded/Cortex-M3/toolchain/gcc-arm-none-eabi-4_8-2014q1/bin/../lib/gcc/arm-none-eabi/4.8.3/../../../../arm-none-eabi/lib/armv7-m/libg_s.a(lib_a-gmtime.o)
 .debug_frame   0x00001c84       0x20 /home/kwluo/Projects/Embeded/Cortex-M3/toolchain/gcc-arm-none-eabi-4_8-2014q1/bin/../lib/gcc/arm-none-eabi/4.8.3/../../../../arm-none-eabi/lib/armv7-m/libg_s.a(lib_a-gmtime_r.o)
 .debug_frame   0x00001ca4       0x30 /home/kwluo/Projects/Embeded/Cortex-M3/toolchain/gcc-arm-none-eabi-4_8-2014q1/bin/../lib/gcc/arm-none-eabi/4.8.3/../../../../arm-none-eabi/lib/armv7-m/libg_s.a(lib_a-malloc.o)
 .debug_frame   0x00001cd4       0x2c /home/kwluo/Projects/Embeded/Cortex-M3/toolchain/gcc-arm-none-eabi-4_8-2014q1/bin/../lib/gcc/arm-none-eabi/4.8.3/../../../../arm-none-eabi/lib/armv7-m/libg_s.a(lib_a-memcmp.o)
 .debug_frame   0x00001d00       0x28 /home/kwluo/Projects/Embeded/Cortex-M3/toolchain/gcc-arm-none-eabi-4_8-2014q1/bin/../lib/gcc/arm-none-eabi/4.8.3/../../../../arm-none-eabi/lib/armv7-m/libg_s.a(lib_a-memcpy-stub.o)
 .debug_frame   0x00001d28       0x20 /home/kwluo/Projects/Embeded/Cortex-M3/toolchain/gcc-arm-none-eabi-4_8-2014q1/bin/../lib/gcc/arm-none-eabi/4.8.3/../../../../arm-none-eabi/lib/armv7-m/libg_s.a(lib_a-memset.o)
 .debug_frame   0x00001d48       0x5c /home/kwluo/Projects/Embeded/Cortex-M3/toolchain/gcc-arm-none-eabi-4_8-2014q1/bin/../lib/gcc/arm-none-eabi/4.8.3/../../../../arm-none-eabi/lib/armv7-m/libg_s.a(lib_a-mktm_r.o)
 .debug_frame   0x00001da4       0x2c /home/kwluo/Projects/Embeded/Cortex-M3/toolchain/gcc-arm-none-eabi-4_8-2014q1/bin/../lib/gcc/arm-none-eabi/4.8.3/../../../../arm-none-eabi/lib/armv7-m/libg_s.a(lib_a-nano-freer.o)
 .debug_frame   0x00001dd0       0x2c /home/kwluo/Projects/Embeded/Cortex-M3/toolchain/gcc-arm-none-eabi-4_8-2014q1/bin/../lib/gcc/arm-none-eabi/4.8.3/../../../../arm-none-eabi/lib/armv7-m/libg_s.a(lib_a-nano-mallocr.o)
 .debug_frame   0x00001dfc       0x2c /home/kwluo/Projects/Embeded/Cortex-M3/toolchain/gcc-arm-none-eabi-4_8-2014q1/bin/../lib/gcc/arm-none-eabi/4.8.3/../../../../arm-none-eabi/lib/armv7-m/libg_s.a(lib_a-sbrkr.o)
 .debug_frame   0x00001e28       0x58 /home/kwluo/Projects/Embeded/Cortex-M3/toolchain/gcc-arm-none-eabi-4_8-2014q1/bin/../lib/gcc/arm-none-eabi/4.8.3/../../../../arm-none-eabi/lib/armv7-m/libg_s.a(lib_a-sprintf.o)
 .debug_frame   0x00001e80       0x28 /home/kwluo/Projects/Embeded/Cortex-M3/toolchain/gcc-arm-none-eabi-4_8-2014q1/bin/../lib/gcc/arm-none-eabi/4.8.3/../../../../arm-none-eabi/lib/armv7-m/libg_s.a(lib_a-strcat.o)
 .debug_frame   0x00001ea8       0x20 /home/kwluo/Projects/Embeded/Cortex-M3/toolchain/gcc-arm-none-eabi-4_8-2014q1/bin/../lib/gcc/arm-none-eabi/4.8.3/../../../../arm-none-eabi/lib/armv7-m/libg_s.a(lib_a-strcpy.o)
 .debug_frame   0x00001ec8       0x50 /home/kwluo/Projects/Embeded/Cortex-M3/toolchain/gcc-arm-none-eabi-4_8-2014q1/bin/../lib/gcc/arm-none-eabi/4.8.3/../../../../arm-none-eabi/lib/armv7-m/libg_s.a(lib_a-strftime.o)
 .debug_frame   0x00001f18       0x20 /home/kwluo/Projects/Embeded/Cortex-M3/toolchain/gcc-arm-none-eabi-4_8-2014q1/bin/../lib/gcc/arm-none-eabi/4.8.3/../../../../arm-none-eabi/lib/armv7-m/libg_s.a(lib_a-strlen.o)
 .debug_frame   0x00001f38       0x2c /home/kwluo/Projects/Embeded/Cortex-M3/toolchain/gcc-arm-none-eabi-4_8-2014q1/bin/../lib/gcc/arm-none-eabi/4.8.3/../../../../arm-none-eabi/lib/armv7-m/libg_s.a(lib_a-strncmp.o)
 .debug_frame   0x00001f64       0x28 /home/kwluo/Projects/Embeded/Cortex-M3/toolchain/gcc-arm-none-eabi-4_8-2014q1/bin/../lib/gcc/arm-none-eabi/4.8.3/../../../../arm-none-eabi/lib/armv7-m/libg_s.a(lib_a-strncpy.o)
 .debug_frame   0x00001f8c       0x30 /home/kwluo/Projects/Embeded/Cortex-M3/toolchain/gcc-arm-none-eabi-4_8-2014q1/bin/../lib/gcc/arm-none-eabi/4.8.3/../../../../arm-none-eabi/lib/armv7-m/libg_s.a(lib_a-strtok.o)
 .debug_frame   0x00001fbc       0x40 /home/kwluo/Projects/Embeded/Cortex-M3/toolchain/gcc-arm-none-eabi-4_8-2014q1/bin/../lib/gcc/arm-none-eabi/4.8.3/../../../../arm-none-eabi/lib/armv7-m/libg_s.a(lib_a-strtok_r.o)
 .debug_frame   0x00001ffc       0x54 /home/kwluo/Projects/Embeded/Cortex-M3/toolchain/gcc-arm-none-eabi-4_8-2014q1/bin/../lib/gcc/arm-none-eabi/4.8.3/../../../../arm-none-eabi/lib/armv7-m/libg_s.a(lib_a-strtoul.o)
 .debug_frame   0x00002050       0x88 /home/kwluo/Projects/Embeded/Cortex-M3/toolchain/gcc-arm-none-eabi-4_8-2014q1/bin/../lib/gcc/arm-none-eabi/4.8.3/../../../../arm-none-eabi/lib/armv7-m/libg_s.a(lib_a-svfprintf.o)
 .debug_frame   0x000020d8       0x40 /home/kwluo/Projects/Embeded/Cortex-M3/toolchain/gcc-arm-none-eabi-4_8-2014q1/bin/../lib/gcc/arm-none-eabi/4.8.3/../../../../arm-none-eabi/lib/armv7-m/libg_s.a(lib_a-timelocal.o)
 .debug_frame   0x00002118       0x30 /home/kwluo/Projects/Embeded/Cortex-M3/toolchain/gcc-arm-none-eabi-4_8-2014q1/bin/../lib/gcc/arm-none-eabi/4.8.3/../../../../arm-none-eabi/lib/armv7-m/libg_s.a(lib_a-tzlock.o)
 .debug_frame   0x00002148       0x60 /home/kwluo/Projects/Embeded/Cortex-M3/toolchain/gcc-arm-none-eabi-4_8-2014q1/bin/../lib/gcc/arm-none-eabi/4.8.3/../../../../arm-none-eabi/lib/armv7-m/libg_s.a(lib_a-vfprintf_i.o)
 .debug_frame   0x000021a8       0x4c /home/kwluo/Projects/Embeded/Cortex-M3/toolchain/gcc-arm-none-eabi-4_8-2014q1/bin/../lib/gcc/arm-none-eabi/4.8.3/../../../../arm-none-eabi/lib/armv7-m/libg_s.a(lib_a-vsnprintf.o)
 .debug_frame   0x000021f4       0x20 /home/kwluo/Projects/Embeded/Cortex-M3/toolchain/gcc-arm-none-eabi-4_8-2014q1/bin/../lib/gcc/arm-none-eabi/4.8.3/../../../../arm-none-eabi/lib/armv7-m/libg_s.a(lib_a-abs.o)
 .debug_frame   0x00002214       0x20 /home/kwluo/Projects/Embeded/Cortex-M3/toolchain/gcc-arm-none-eabi-4_8-2014q1/bin/../lib/gcc/arm-none-eabi/4.8.3/../../../../arm-none-eabi/lib/armv7-m/libg_s.a(lib_a-gettzinfo.o)
 .debug_frame   0x00002234       0x20 /home/kwluo/Projects/Embeded/Cortex-M3/toolchain/gcc-arm-none-eabi-4_8-2014q1/bin/../lib/gcc/arm-none-eabi/4.8.3/../../../../arm-none-eabi/lib/armv7-m/libg_s.a(lib_a-labs.o)
 .debug_frame   0x00002254       0x28 /home/kwluo/Projects/Embeded/Cortex-M3/toolchain/gcc-arm-none-eabi-4_8-2014q1/bin/../lib/gcc/arm-none-eabi/4.8.3/../../../../arm-none-eabi/lib/armv7-m/libg_s.a(lib_a-memchr-stub.o)
 .debug_frame   0x0000227c       0x2c /home/kwluo/Projects/Embeded/Cortex-M3/toolchain/gcc-arm-none-eabi-4_8-2014q1/bin/../lib/gcc/arm-none-eabi/4.8.3/../../../../arm-none-eabi/lib/armv7-m/libg_s.a(lib_a-memmove.o)
 .debug_frame   0x000022a8       0x30 /home/kwluo/Projects/Embeded/Cortex-M3/toolchain/gcc-arm-none-eabi-4_8-2014q1/bin/../lib/gcc/arm-none-eabi/4.8.3/../../../../arm-none-eabi/lib/armv7-m/libg_s.a(lib_a-nano-reallocr.o)
 .debug_frame   0x000022d8       0x58 /home/kwluo/Projects/Embeded/Cortex-M3/toolchain/gcc-arm-none-eabi-4_8-2014q1/bin/../lib/gcc/arm-none-eabi/4.8.3/../../../../arm-none-eabi/lib/armv7-m/libg_s.a(lib_a-snprintf.o)
 .debug_frame   0x00002330       0x20 /home/kwluo/Projects/Embeded/Cortex-M3/toolchain/gcc-arm-none-eabi-4_8-2014q1/bin/../lib/gcc/arm-none-eabi/4.8.3/../../../../arm-none-eabi/lib/armv7-m/libg_s.a(lib_a-nano-msizer.o)

.debug_str      0x00000000     0x433c
 *(.debug_str)
 .debug_str     0x00000000      0x3cb ./system/src/stm32f1-stdperiph/misc.o
                                0x449 (size before relaxing)
 .debug_str     0x000003cb      0x53a ./system/src/stm32f1-stdperiph/stm32f10x_adc.o
                                0x79d (size before relaxing)
 .debug_str     0x00000905      0x3cc ./system/src/stm32f1-stdperiph/stm32f10x_bkp.o
                                0x653 (size before relaxing)
 .debug_str     0x00000cd1      0x320 ./system/src/stm32f1-stdperiph/stm32f10x_gpio.o
                                0x5bb (size before relaxing)
 .debug_str     0x00000ff1      0x126 ./system/src/stm32f1-stdperiph/stm32f10x_pwr.o
                                0x3c4 (size before relaxing)
 .debug_str     0x00001117      0x3f4 ./system/src/stm32f1-stdperiph/stm32f10x_rcc.o
                                0x6a5 (size before relaxing)
 .debug_str     0x0000150b      0x187 ./system/src/stm32f1-stdperiph/stm32f10x_rtc.o
                                0x42d (size before relaxing)
 .debug_str     0x00001692      0x3f7 ./system/src/stm32f1-stdperiph/stm32f10x_usart.o
                                0x75b (size before relaxing)
 .debug_str     0x00001a89       0x56 ./system/src/newlib/_exit.o
                                0x1f8 (size before relaxing)